14:14:21 **** Build of configuration Debug for project SUDOKU ****
make -j8 all 
arm-none-eabi-gcc "../Drivers/STM32F0xx_HAL_Driver/Src/stm32f0xx_hal.c" -mcpu=cortex-m0 -std=gnu11 -g3 -DDEBUG -DUSE_HAL_DRIVER -DSTM32F051x8 -c -I../Core/Inc -I../Drivers/STM32F0xx_HAL_Driver/Inc -I../Drivers/STM32F0xx_HAL_Driver/Inc/Legacy -I../Drivers/CMSIS/Device/ST/STM32F0xx/Include -I../Drivers/CMSIS/Include -O0 -ffunction-sections -fdata-sections -Wall -fstack-usage -fcyclomatic-complexity -MMD -MP -MF"Drivers/STM32F0xx_HAL_Driver/Src/stm32f0xx_hal.d" -MT"Drivers/STM32F0xx_HAL_Driver/Src/stm32f0xx_hal.o" --specs=nano.specs -mfloat-abi=soft -mthumb -o "Drivers/STM32F0xx_HAL_Driver/Src/stm32f0xx_hal.o"
arm-none-eabi-gcc "../Drivers/STM32F0xx_HAL_Driver/Src/stm32f0xx_hal_cortex.c" -mcpu=cortex-m0 -std=gnu11 -g3 -DDEBUG -DUSE_HAL_DRIVER -DSTM32F051x8 -c -I../Core/Inc -I../Drivers/STM32F0xx_HAL_Driver/Inc -I../Drivers/STM32F0xx_HAL_Driver/Inc/Legacy -I../Drivers/CMSIS/Device/ST/STM32F0xx/Include -I../Drivers/CMSIS/Include -O0 -ffunction-sections -fdata-sections -Wall -fstack-usage -fcyclomatic-complexity -MMD -MP -MF"Drivers/STM32F0xx_HAL_Driver/Src/stm32f0xx_hal_cortex.d" -MT"Drivers/STM32F0xx_HAL_Driver/Src/stm32f0xx_hal_cortex.o" --specs=nano.specs -mfloat-abi=soft -mthumb -o "Drivers/STM32F0xx_HAL_Driver/Src/stm32f0xx_hal_cortex.o"
arm-none-eabi-gcc "../Drivers/STM32F0xx_HAL_Driver/Src/stm32f0xx_hal_dma.c" -mcpu=cortex-m0 -std=gnu11 -g3 -DDEBUG -DUSE_HAL_DRIVER -DSTM32F051x8 -c -I../Core/Inc -I../Drivers/STM32F0xx_HAL_Driver/Inc -I../Drivers/STM32F0xx_HAL_Driver/Inc/Legacy -I../Drivers/CMSIS/Device/ST/STM32F0xx/Include -I../Drivers/CMSIS/Include -O0 -ffunction-sections -fdata-sections -Wall -fstack-usage -fcyclomatic-complexity -MMD -MP -MF"Drivers/STM32F0xx_HAL_Driver/Src/stm32f0xx_hal_dma.d" -MT"Drivers/STM32F0xx_HAL_Driver/Src/stm32f0xx_hal_dma.o" --specs=nano.specs -mfloat-abi=soft -mthumb -o "Drivers/STM32F0xx_HAL_Driver/Src/stm32f0xx_hal_dma.o"
arm-none-eabi-gcc "../Drivers/STM32F0xx_HAL_Driver/Src/stm32f0xx_hal_exti.c" -mcpu=cortex-m0 -std=gnu11 -g3 -DDEBUG -DUSE_HAL_DRIVER -DSTM32F051x8 -c -I../Core/Inc -I../Drivers/STM32F0xx_HAL_Driver/Inc -I../Drivers/STM32F0xx_HAL_Driver/Inc/Legacy -I../Drivers/CMSIS/Device/ST/STM32F0xx/Include -I../Drivers/CMSIS/Include -O0 -ffunction-sections -fdata-sections -Wall -fstack-usage -fcyclomatic-complexity -MMD -MP -MF"Drivers/STM32F0xx_HAL_Driver/Src/stm32f0xx_hal_exti.d" -MT"Drivers/STM32F0xx_HAL_Driver/Src/stm32f0xx_hal_exti.o" --specs=nano.specs -mfloat-abi=soft -mthumb -o "Drivers/STM32F0xx_HAL_Driver/Src/stm32f0xx_hal_exti.o"
arm-none-eabi-gcc "../Drivers/STM32F0xx_HAL_Driver/Src/stm32f0xx_hal_flash.c" -mcpu=cortex-m0 -std=gnu11 -g3 -DDEBUG -DUSE_HAL_DRIVER -DSTM32F051x8 -c -I../Core/Inc -I../Drivers/STM32F0xx_HAL_Driver/Inc -I../Drivers/STM32F0xx_HAL_Driver/Inc/Legacy -I../Drivers/CMSIS/Device/ST/STM32F0xx/Include -I../Drivers/CMSIS/Include -O0 -ffunction-sections -fdata-sections -Wall -fstack-usage -fcyclomatic-complexity -MMD -MP -MF"Drivers/STM32F0xx_HAL_Driver/Src/stm32f0xx_hal_flash.d" -MT"Drivers/STM32F0xx_HAL_Driver/Src/stm32f0xx_hal_flash.o" --specs=nano.specs -mfloat-abi=soft -mthumb -o "Drivers/STM32F0xx_HAL_Driver/Src/stm32f0xx_hal_flash.o"
arm-none-eabi-gcc "../Drivers/STM32F0xx_HAL_Driver/Src/stm32f0xx_hal_flash_ex.c" -mcpu=cortex-m0 -std=gnu11 -g3 -DDEBUG -DUSE_HAL_DRIVER -DSTM32F051x8 -c -I../Core/Inc -I../Drivers/STM32F0xx_HAL_Driver/Inc -I../Drivers/STM32F0xx_HAL_Driver/Inc/Legacy -I../Drivers/CMSIS/Device/ST/STM32F0xx/Include -I../Drivers/CMSIS/Include -O0 -ffunction-sections -fdata-sections -Wall -fstack-usage -fcyclomatic-complexity -MMD -MP -MF"Drivers/STM32F0xx_HAL_Driver/Src/stm32f0xx_hal_flash_ex.d" -MT"Drivers/STM32F0xx_HAL_Driver/Src/stm32f0xx_hal_flash_ex.o" --specs=nano.specs -mfloat-abi=soft -mthumb -o "Drivers/STM32F0xx_HAL_Driver/Src/stm32f0xx_hal_flash_ex.o"
arm-none-eabi-gcc "../Drivers/STM32F0xx_HAL_Driver/Src/stm32f0xx_hal_gpio.c" -mcpu=cortex-m0 -std=gnu11 -g3 -DDEBUG -DUSE_HAL_DRIVER -DSTM32F051x8 -c -I../Core/Inc -I../Drivers/STM32F0xx_HAL_Driver/Inc -I../Drivers/STM32F0xx_HAL_Driver/Inc/Legacy -I../Drivers/CMSIS/Device/ST/STM32F0xx/Include -I../Drivers/CMSIS/Include -O0 -ffunction-sections -fdata-sections -Wall -fstack-usage -fcyclomatic-complexity -MMD -MP -MF"Drivers/STM32F0xx_HAL_Driver/Src/stm32f0xx_hal_gpio.d" -MT"Drivers/STM32F0xx_HAL_Driver/Src/stm32f0xx_hal_gpio.o" --specs=nano.specs -mfloat-abi=soft -mthumb -o "Drivers/STM32F0xx_HAL_Driver/Src/stm32f0xx_hal_gpio.o"
arm-none-eabi-gcc "../Drivers/STM32F0xx_HAL_Driver/Src/stm32f0xx_hal_i2c.c" -mcpu=cortex-m0 -std=gnu11 -g3 -DDEBUG -DUSE_HAL_DRIVER -DSTM32F051x8 -c -I../Core/Inc -I../Drivers/STM32F0xx_HAL_Driver/Inc -I../Drivers/STM32F0xx_HAL_Driver/Inc/Legacy -I../Drivers/CMSIS/Device/ST/STM32F0xx/Include -I../Drivers/CMSIS/Include -O0 -ffunction-sections -fdata-sections -Wall -fstack-usage -fcyclomatic-complexity -MMD -MP -MF"Drivers/STM32F0xx_HAL_Driver/Src/stm32f0xx_hal_i2c.d" -MT"Drivers/STM32F0xx_HAL_Driver/Src/stm32f0xx_hal_i2c.o" --specs=nano.specs -mfloat-abi=soft -mthumb -o "Drivers/STM32F0xx_HAL_Driver/Src/stm32f0xx_hal_i2c.o"
arm-none-eabi-gcc "../Drivers/STM32F0xx_HAL_Driver/Src/stm32f0xx_hal_i2c_ex.c" -mcpu=cortex-m0 -std=gnu11 -g3 -DDEBUG -DUSE_HAL_DRIVER -DSTM32F051x8 -c -I../Core/Inc -I../Drivers/STM32F0xx_HAL_Driver/Inc -I../Drivers/STM32F0xx_HAL_Driver/Inc/Legacy -I../Drivers/CMSIS/Device/ST/STM32F0xx/Include -I../Drivers/CMSIS/Include -O0 -ffunction-sections -fdata-sections -Wall -fstack-usage -fcyclomatic-complexity -MMD -MP -MF"Drivers/STM32F0xx_HAL_Driver/Src/stm32f0xx_hal_i2c_ex.d" -MT"Drivers/STM32F0xx_HAL_Driver/Src/stm32f0xx_hal_i2c_ex.o" --specs=nano.specs -mfloat-abi=soft -mthumb -o "Drivers/STM32F0xx_HAL_Driver/Src/stm32f0xx_hal_i2c_ex.o"
arm-none-eabi-gcc "../Drivers/STM32F0xx_HAL_Driver/Src/stm32f0xx_hal_pwr.c" -mcpu=cortex-m0 -std=gnu11 -g3 -DDEBUG -DUSE_HAL_DRIVER -DSTM32F051x8 -c -I../Core/Inc -I../Drivers/STM32F0xx_HAL_Driver/Inc -I../Drivers/STM32F0xx_HAL_Driver/Inc/Legacy -I../Drivers/CMSIS/Device/ST/STM32F0xx/Include -I../Drivers/CMSIS/Include -O0 -ffunction-sections -fdata-sections -Wall -fstack-usage -fcyclomatic-complexity -MMD -MP -MF"Drivers/STM32F0xx_HAL_Driver/Src/stm32f0xx_hal_pwr.d" -MT"Drivers/STM32F0xx_HAL_Driver/Src/stm32f0xx_hal_pwr.o" --specs=nano.specs -mfloat-abi=soft -mthumb -o "Drivers/STM32F0xx_HAL_Driver/Src/stm32f0xx_hal_pwr.o"
arm-none-eabi-gcc "../Drivers/STM32F0xx_HAL_Driver/Src/stm32f0xx_hal_pwr_ex.c" -mcpu=cortex-m0 -std=gnu11 -g3 -DDEBUG -DUSE_HAL_DRIVER -DSTM32F051x8 -c -I../Core/Inc -I../Drivers/STM32F0xx_HAL_Driver/Inc -I../Drivers/STM32F0xx_HAL_Driver/Inc/Legacy -I../Drivers/CMSIS/Device/ST/STM32F0xx/Include -I../Drivers/CMSIS/Include -O0 -ffunction-sections -fdata-sections -Wall -fstack-usage -fcyclomatic-complexity -MMD -MP -MF"Drivers/STM32F0xx_HAL_Driver/Src/stm32f0xx_hal_pwr_ex.d" -MT"Drivers/STM32F0xx_HAL_Driver/Src/stm32f0xx_hal_pwr_ex.o" --specs=nano.specs -mfloat-abi=soft -mthumb -o "Drivers/STM32F0xx_HAL_Driver/Src/stm32f0xx_hal_pwr_ex.o"
arm-none-eabi-gcc "../Drivers/STM32F0xx_HAL_Driver/Src/stm32f0xx_hal_rcc.c" -mcpu=cortex-m0 -std=gnu11 -g3 -DDEBUG -DUSE_HAL_DRIVER -DSTM32F051x8 -c -I../Core/Inc -I../Drivers/STM32F0xx_HAL_Driver/Inc -I../Drivers/STM32F0xx_HAL_Driver/Inc/Legacy -I../Drivers/CMSIS/Device/ST/STM32F0xx/Include -I../Drivers/CMSIS/Include -O0 -ffunction-sections -fdata-sections -Wall -fstack-usage -fcyclomatic-complexity -MMD -MP -MF"Drivers/STM32F0xx_HAL_Driver/Src/stm32f0xx_hal_rcc.d" -MT"Drivers/STM32F0xx_HAL_Driver/Src/stm32f0xx_hal_rcc.o" --specs=nano.specs -mfloat-abi=soft -mthumb -o "Drivers/STM32F0xx_HAL_Driver/Src/stm32f0xx_hal_rcc.o"
arm-none-eabi-gcc "../Drivers/STM32F0xx_HAL_Driver/Src/stm32f0xx_hal_rcc_ex.c" -mcpu=cortex-m0 -std=gnu11 -g3 -DDEBUG -DUSE_HAL_DRIVER -DSTM32F051x8 -c -I../Core/Inc -I../Drivers/STM32F0xx_HAL_Driver/Inc -I../Drivers/STM32F0xx_HAL_Driver/Inc/Legacy -I../Drivers/CMSIS/Device/ST/STM32F0xx/Include -I../Drivers/CMSIS/Include -O0 -ffunction-sections -fdata-sections -Wall -fstack-usage -fcyclomatic-complexity -MMD -MP -MF"Drivers/STM32F0xx_HAL_Driver/Src/stm32f0xx_hal_rcc_ex.d" -MT"Drivers/STM32F0xx_HAL_Driver/Src/stm32f0xx_hal_rcc_ex.o" --specs=nano.specs -mfloat-abi=soft -mthumb -o "Drivers/STM32F0xx_HAL_Driver/Src/stm32f0xx_hal_rcc_ex.o"
arm-none-eabi-gcc "../Drivers/STM32F0xx_HAL_Driver/Src/stm32f0xx_hal_uart.c" -mcpu=cortex-m0 -std=gnu11 -g3 -DDEBUG -DUSE_HAL_DRIVER -DSTM32F051x8 -c -I../Core/Inc -I../Drivers/STM32F0xx_HAL_Driver/Inc -I../Drivers/STM32F0xx_HAL_Driver/Inc/Legacy -I../Drivers/CMSIS/Device/ST/STM32F0xx/Include -I../Drivers/CMSIS/Include -O0 -ffunction-sections -fdata-sections -Wall -fstack-usage -fcyclomatic-complexity -MMD -MP -MF"Drivers/STM32F0xx_HAL_Driver/Src/stm32f0xx_hal_uart.d" -MT"Drivers/STM32F0xx_HAL_Driver/Src/stm32f0xx_hal_uart.o" --specs=nano.specs -mfloat-abi=soft -mthumb -o "Drivers/STM32F0xx_HAL_Driver/Src/stm32f0xx_hal_uart.o"
arm-none-eabi-gcc "../Drivers/STM32F0xx_HAL_Driver/Src/stm32f0xx_hal_uart_ex.c" -mcpu=cortex-m0 -std=gnu11 -g3 -DDEBUG -DUSE_HAL_DRIVER -DSTM32F051x8 -c -I../Core/Inc -I../Drivers/STM32F0xx_HAL_Driver/Inc -I../Drivers/STM32F0xx_HAL_Driver/Inc/Legacy -I../Drivers/CMSIS/Device/ST/STM32F0xx/Include -I../Drivers/CMSIS/Include -O0 -ffunction-sections -fdata-sections -Wall -fstack-usage -fcyclomatic-complexity -MMD -MP -MF"Drivers/STM32F0xx_HAL_Driver/Src/stm32f0xx_hal_uart_ex.d" -MT"Drivers/STM32F0xx_HAL_Driver/Src/stm32f0xx_hal_uart_ex.o" --specs=nano.specs -mfloat-abi=soft -mthumb -o "Drivers/STM32F0xx_HAL_Driver/Src/stm32f0xx_hal_uart_ex.o"
arm-none-eabi-gcc -mcpu=cortex-m0 -g3 -DDEBUG -c -x assembler-with-cpp -MMD -MP -MF"Core/Startup/startup_stm32f051r8tx.d" -MT"Core/Startup/startup_stm32f051r8tx.o" --specs=nano.specs -mfloat-abi=soft -mthumb -o "Core/Startup/startup_stm32f051r8tx.o" "../Core/Startup/startup_stm32f051r8tx.s"
arm-none-eabi-gcc "../Core/Src/gpio.c" -mcpu=cortex-m0 -std=gnu11 -g3 -DDEBUG -DUSE_HAL_DRIVER -DSTM32F051x8 -c -I../Core/Inc -I../Drivers/STM32F0xx_HAL_Driver/Inc -I../Drivers/STM32F0xx_HAL_Driver/Inc/Legacy -I../Drivers/CMSIS/Device/ST/STM32F0xx/Include -I../Drivers/CMSIS/Include -O0 -ffunction-sections -fdata-sections -Wall -fstack-usage -fcyclomatic-complexity -MMD -MP -MF"Core/Src/gpio.d" -MT"Core/Src/gpio.o" --specs=nano.specs -mfloat-abi=soft -mthumb -o "Core/Src/gpio.o"
arm-none-eabi-gcc "../Core/Src/main.c" -mcpu=cortex-m0 -std=gnu11 -g3 -DDEBUG -DUSE_HAL_DRIVER -DSTM32F051x8 -c -I../Core/Inc -I../Drivers/STM32F0xx_HAL_Driver/Inc -I../Drivers/STM32F0xx_HAL_Driver/Inc/Legacy -I../Drivers/CMSIS/Device/ST/STM32F0xx/Include -I../Drivers/CMSIS/Include -O0 -ffunction-sections -fdata-sections -Wall -fstack-usage -fcyclomatic-complexity -MMD -MP -MF"Core/Src/main.d" -MT"Core/Src/main.o" --specs=nano.specs -mfloat-abi=soft -mthumb -o "Core/Src/main.o"
arm-none-eabi-gcc "../Core/Src/stm32f0xx_hal_msp.c" -mcpu=cortex-m0 -std=gnu11 -g3 -DDEBUG -DUSE_HAL_DRIVER -DSTM32F051x8 -c -I../Core/Inc -I../Drivers/STM32F0xx_HAL_Driver/Inc -I../Drivers/STM32F0xx_HAL_Driver/Inc/Legacy -I../Drivers/CMSIS/Device/ST/STM32F0xx/Include -I../Drivers/CMSIS/Include -O0 -ffunction-sections -fdata-sections -Wall -fstack-usage -fcyclomatic-complexity -MMD -MP -MF"Core/Src/stm32f0xx_hal_msp.d" -MT"Core/Src/stm32f0xx_hal_msp.o" --specs=nano.specs -mfloat-abi=soft -mthumb -o "Core/Src/stm32f0xx_hal_msp.o"
arm-none-eabi-gcc "../Core/Src/stm32f0xx_it.c" -mcpu=cortex-m0 -std=gnu11 -g3 -DDEBUG -DUSE_HAL_DRIVER -DSTM32F051x8 -c -I../Core/Inc -I../Drivers/STM32F0xx_HAL_Driver/Inc -I../Drivers/STM32F0xx_HAL_Driver/Inc/Legacy -I../Drivers/CMSIS/Device/ST/STM32F0xx/Include -I../Drivers/CMSIS/Include -O0 -ffunction-sections -fdata-sections -Wall -fstack-usage -fcyclomatic-complexity -MMD -MP -MF"Core/Src/stm32f0xx_it.d" -MT"Core/Src/stm32f0xx_it.o" --specs=nano.specs -mfloat-abi=soft -mthumb -o "Core/Src/stm32f0xx_it.o"
arm-none-eabi-gcc "../Core/Src/syscalls.c" -mcpu=cortex-m0 -std=gnu11 -g3 -DDEBUG -DUSE_HAL_DRIVER -DSTM32F051x8 -c -I../Core/Inc -I../Drivers/STM32F0xx_HAL_Driver/Inc -I../Drivers/STM32F0xx_HAL_Driver/Inc/Legacy -I../Drivers/CMSIS/Device/ST/STM32F0xx/Include -I../Drivers/CMSIS/Include -O0 -ffunction-sections -fdata-sections -Wall -fstack-usage -fcyclomatic-complexity -MMD -MP -MF"Core/Src/syscalls.d" -MT"Core/Src/syscalls.o" --specs=nano.specs -mfloat-abi=soft -mthumb -o "Core/Src/syscalls.o"
arm-none-eabi-gcc "../Core/Src/sysmem.c" -mcpu=cortex-m0 -std=gnu11 -g3 -DDEBUG -DUSE_HAL_DRIVER -DSTM32F051x8 -c -I../Core/Inc -I../Drivers/STM32F0xx_HAL_Driver/Inc -I../Drivers/STM32F0xx_HAL_Driver/Inc/Legacy -I../Drivers/CMSIS/Device/ST/STM32F0xx/Include -I../Drivers/CMSIS/Include -O0 -ffunction-sections -fdata-sections -Wall -fstack-usage -fcyclomatic-complexity -MMD -MP -MF"Core/Src/sysmem.d" -MT"Core/Src/sysmem.o" --specs=nano.specs -mfloat-abi=soft -mthumb -o "Core/Src/sysmem.o"
arm-none-eabi-gcc "../Core/Src/system_stm32f0xx.c" -mcpu=cortex-m0 -std=gnu11 -g3 -DDEBUG -DUSE_HAL_DRIVER -DSTM32F051x8 -c -I../Core/Inc -I../Drivers/STM32F0xx_HAL_Driver/Inc -I../Drivers/STM32F0xx_HAL_Driver/Inc/Legacy -I../Drivers/CMSIS/Device/ST/STM32F0xx/Include -I../Drivers/CMSIS/Include -O0 -ffunction-sections -fdata-sections -Wall -fstack-usage -fcyclomatic-complexity -MMD -MP -MF"Core/Src/system_stm32f0xx.d" -MT"Core/Src/system_stm32f0xx.o" --specs=nano.specs -mfloat-abi=soft -mthumb -o "Core/Src/system_stm32f0xx.o"
arm-none-eabi-gcc "../Core/Src/usart.c" -mcpu=cortex-m0 -std=gnu11 -g3 -DDEBUG -DUSE_HAL_DRIVER -DSTM32F051x8 -c -I../Core/Inc -I../Drivers/STM32F0xx_HAL_Driver/Inc -I../Drivers/STM32F0xx_HAL_Driver/Inc/Legacy -I../Drivers/CMSIS/Device/ST/STM32F0xx/Include -I../Drivers/CMSIS/Include -O0 -ffunction-sections -fdata-sections -Wall -fstack-usage -fcyclomatic-complexity -MMD -MP -MF"Core/Src/usart.d" -MT"Core/Src/usart.o" --specs=nano.specs -mfloat-abi=soft -mthumb -o "Core/Src/usart.o"
arm-none-eabi-gcc -o "SUDOKU.elf" @"objects.list"   -mcpu=cortex-m0 -T"E:\Work\ZViT\game_boy\STM\SUDOKU\STM32F051R8TX_FLASH.ld" --specs=nosys.specs -Wl,-Map="SUDOKU.map" -Wl,--gc-sections -static --specs=nano.specs -mfloat-abi=soft -mthumb -Wl,--start-group -lc -lm -Wl,--end-group
Finished building target: SUDOKU.elf
 
arm-none-eabi-size  SUDOKU.elf 
arm-none-eabi-objdump -h -S SUDOKU.elf  > "SUDOKU.list"
   text	   data	    bss	    dec	    hex	filename
   9128	     12	   1708	  10848	   2a60	SUDOKU.elf
Finished building: default.size.stdout
 
Finished building: SUDOKU.list
 
14:15:08 **** Incremental Build of configuration Debug for project SUDOKU ****
make -j8 all 
arm-none-eabi-gcc "../Core/Src/main.c" -mcpu=cortex-m0 -std=gnu11 -g3 -DDEBUG -DUSE_HAL_DRIVER -DSTM32F051x8 -c -I../Core/Inc -I../Drivers/STM32F0xx_HAL_Driver/Inc -I../Drivers/STM32F0xx_HAL_Driver/Inc/Legacy -I../Drivers/CMSIS/Device/ST/STM32F0xx/Include -I../Drivers/CMSIS/Include -O0 -ffunction-sections -fdata-sections -Wall -fstack-usage -fcyclomatic-complexity -MMD -MP -MF"Core/Src/main.d" -MT"Core/Src/main.o" --specs=nano.specs -mfloat-abi=soft -mthumb -o "Core/Src/main.o"
../Core/Src/main.c: In function 'main':
../Core/Src/main.c:6:3: warning: implicit declaration of function 'SystemClock_Config'; did you mean 'SysTick_Config'? [-Wimplicit-function-declaration]
    6 |   SystemClock_Config();
      |   ^~~~~~~~~~~~~~~~~~
      |   SysTick_Config
../Core/Src/main.c:7:3: warning: implicit declaration of function 'MX_GPIO_Init'; did you mean 'HAL_GPIO_Init'? [-Wimplicit-function-declaration]
    7 |   MX_GPIO_Init();
      |   ^~~~~~~~~~~~
      |   HAL_GPIO_Init
arm-none-eabi-gcc -o "SUDOKU.elf" @"objects.list"   -mcpu=cortex-m0 -T"E:\Work\ZViT\game_boy\STM\SUDOKU\STM32F051R8TX_FLASH.ld" --specs=nosys.specs -Wl,-Map="SUDOKU.map" -Wl,--gc-sections -static --specs=nano.specs -mfloat-abi=soft -mthumb -Wl,--start-group -lc -lm -Wl,--end-group
C:/Users/Kirpi/STM32CubeIDE_2.0.0/STM32CubeIDE/plugins/com.st.stm32cube.ide.mcu.externaltools.gnu-tools-for-stm32.13.3.rel1.win32_1.0.100.202509120712/tools/bin/../lib/gcc/arm-none-eabi/13.3.1/../../../../arm-none-eabi/bin/ld.exe: ./Core/Src/main.o: in function `main':
E:/Work/ZViT/game_boy/STM/SUDOKU/Debug/../Core/Src/main.c:6:(.text.main+0x8): undefined reference to `SystemClock_Config'
collect2.exe: error: ld returned 1 exit status
make: *** [makefile:64: SUDOKU.elf] Error 1
"make -j8 all" terminated with exit code 2. Build might be incomplete.
14:19:31 **** Incremental Build of configuration Debug for project SUDOKU ****
make -j8 all 
arm-none-eabi-gcc "../Core/Src/main.c" -mcpu=cortex-m0 -std=gnu11 -g3 -DDEBUG -DUSE_HAL_DRIVER -DSTM32F051x8 -c -I../Core/Inc -I../Drivers/STM32F0xx_HAL_Driver/Inc -I../Drivers/STM32F0xx_HAL_Driver/Inc/Legacy -I../Drivers/CMSIS/Device/ST/STM32F0xx/Include -I../Drivers/CMSIS/Include -O0 -ffunction-sections -fdata-sections -Wall -fstack-usage -fcyclomatic-complexity -MMD -MP -MF"Core/Src/main.d" -MT"Core/Src/main.o" --specs=nano.specs -mfloat-abi=soft -mthumb -o "Core/Src/main.o"
../Core/Src/main.c: In function 'main':
../Core/Src/main.c:8:3: warning: implicit declaration of function 'SystemClock_Config'; did you mean 'SysTick_Config'? [-Wimplicit-function-declaration]
    8 |   SystemClock_Config();
      |   ^~~~~~~~~~~~~~~~~~
      |   SysTick_Config
../Core/Src/main.c:9:3: warning: implicit declaration of function 'MX_GPIO_Init'; did you mean 'HAL_GPIO_Init'? [-Wimplicit-function-declaration]
    9 |   MX_GPIO_Init();
      |   ^~~~~~~~~~~~
      |   HAL_GPIO_Init
arm-none-eabi-gcc -o "SUDOKU.elf" @"objects.list"   -mcpu=cortex-m0 -T"E:\Work\ZViT\game_boy\STM\SUDOKU\STM32F051R8TX_FLASH.ld" --specs=nosys.specs -Wl,-Map="SUDOKU.map" -Wl,--gc-sections -static --specs=nano.specs -mfloat-abi=soft -mthumb -Wl,--start-group -lc -lm -Wl,--end-group
C:/Users/Kirpi/STM32CubeIDE_2.0.0/STM32CubeIDE/plugins/com.st.stm32cube.ide.mcu.externaltools.gnu-tools-for-stm32.13.3.rel1.win32_1.0.100.202509120712/tools/bin/../lib/gcc/arm-none-eabi/13.3.1/../../../../arm-none-eabi/bin/ld.exe: ./Core/Src/main.o: in function `main':
E:/Work/ZViT/game_boy/STM/SUDOKU/Debug/../Core/Src/main.c:8:(.text.main+0x8): undefined reference to `SystemClock_Config'
collect2.exe: error: ld returned 1 exit status
make: *** [makefile:64: SUDOKU.elf] Error 1
"make -j8 all" terminated with exit code 2. Build might be incomplete.
14:21:05 **** Incremental Build of configuration Debug for project SUDOKU ****
make -j8 all 
arm-none-eabi-gcc "../Core/Src/gpio.c" -mcpu=cortex-m0 -std=gnu11 -g3 -DDEBUG -DUSE_HAL_DRIVER -DSTM32F051x8 -c -I../Core/Inc -I../Drivers/STM32F0xx_HAL_Driver/Inc -I../Drivers/STM32F0xx_HAL_Driver/Inc/Legacy -I../Drivers/CMSIS/Device/ST/STM32F0xx/Include -I../Drivers/CMSIS/Include -O0 -ffunction-sections -fdata-sections -Wall -fstack-usage -fcyclomatic-complexity -MMD -MP -MF"Core/Src/gpio.d" -MT"Core/Src/gpio.o" --specs=nano.specs -mfloat-abi=soft -mthumb -o "Core/Src/gpio.o"
arm-none-eabi-gcc "../Core/Src/main.c" -mcpu=cortex-m0 -std=gnu11 -g3 -DDEBUG -DUSE_HAL_DRIVER -DSTM32F051x8 -c -I../Core/Inc -I../Drivers/STM32F0xx_HAL_Driver/Inc -I../Drivers/STM32F0xx_HAL_Driver/Inc/Legacy -I../Drivers/CMSIS/Device/ST/STM32F0xx/Include -I../Drivers/CMSIS/Include -O0 -ffunction-sections -fdata-sections -Wall -fstack-usage -fcyclomatic-complexity -MMD -MP -MF"Core/Src/main.d" -MT"Core/Src/main.o" --specs=nano.specs -mfloat-abi=soft -mthumb -o "Core/Src/main.o"
arm-none-eabi-gcc "../Core/Src/stm32f0xx_hal_msp.c" -mcpu=cortex-m0 -std=gnu11 -g3 -DDEBUG -DUSE_HAL_DRIVER -DSTM32F051x8 -c -I../Core/Inc -I../Drivers/STM32F0xx_HAL_Driver/Inc -I../Drivers/STM32F0xx_HAL_Driver/Inc/Legacy -I../Drivers/CMSIS/Device/ST/STM32F0xx/Include -I../Drivers/CMSIS/Include -O0 -ffunction-sections -fdata-sections -Wall -fstack-usage -fcyclomatic-complexity -MMD -MP -MF"Core/Src/stm32f0xx_hal_msp.d" -MT"Core/Src/stm32f0xx_hal_msp.o" --specs=nano.specs -mfloat-abi=soft -mthumb -o "Core/Src/stm32f0xx_hal_msp.o"
arm-none-eabi-gcc "../Core/Src/stm32f0xx_it.c" -mcpu=cortex-m0 -std=gnu11 -g3 -DDEBUG -DUSE_HAL_DRIVER -DSTM32F051x8 -c -I../Core/Inc -I../Drivers/STM32F0xx_HAL_Driver/Inc -I../Drivers/STM32F0xx_HAL_Driver/Inc/Legacy -I../Drivers/CMSIS/Device/ST/STM32F0xx/Include -I../Drivers/CMSIS/Include -O0 -ffunction-sections -fdata-sections -Wall -fstack-usage -fcyclomatic-complexity -MMD -MP -MF"Core/Src/stm32f0xx_it.d" -MT"Core/Src/stm32f0xx_it.o" --specs=nano.specs -mfloat-abi=soft -mthumb -o "Core/Src/stm32f0xx_it.o"
arm-none-eabi-gcc "../Core/Src/usart.c" -mcpu=cortex-m0 -std=gnu11 -g3 -DDEBUG -DUSE_HAL_DRIVER -DSTM32F051x8 -c -I../Core/Inc -I../Drivers/STM32F0xx_HAL_Driver/Inc -I../Drivers/STM32F0xx_HAL_Driver/Inc/Legacy -I../Drivers/CMSIS/Device/ST/STM32F0xx/Include -I../Drivers/CMSIS/Include -O0 -ffunction-sections -fdata-sections -Wall -fstack-usage -fcyclomatic-complexity -MMD -MP -MF"Core/Src/usart.d" -MT"Core/Src/usart.o" --specs=nano.specs -mfloat-abi=soft -mthumb -o "Core/Src/usart.o"
In file included from ../Core/Inc/main.h:1,
                 from ../Core/Inc/main.h:1,
                 from ../Core/Inc/main.h:1,
                 from ../Core/Inc/main.h:1,
                 from ../Core/Inc/main.h:1,
                 from ../Core/Inc/main.h:1,
                 from ../Core/Inc/main.h:1,
                 from ../Core/Inc/main.h:1,
                 from ../Core/Inc/main.h:1,
                 from ../Core/Inc/main.h:1,
                 from ../Core/Inc/main.h:1,
                 from ../Core/Inc/main.h:1,
                 from ../Core/Inc/main.h:1,
                 from ../Core/Inc/main.h:1,
                 from ../Core/Inc/main.h:1,
                 from ../Core/Inc/main.h:1,
                 from ../Core/Inc/main.h:1,
                 from ../Core/Inc/main.h:1,
                 from ../Core/Inc/main.h:1,
                 from ../Core/Inc/main.h:1,
                 from ../Core/Inc/main.h:1,
                 from ../Core/Inc/main.h:1,
                 from ../Core/Inc/main.h:1,
                 from ../Core/Inc/main.h:1,
                 from ../Core/Inc/main.h:1,
                 from ../Core/Inc/main.h:1,
                 from ../Core/Inc/main.h:1,
                 from ../Core/Inc/main.h:1,
                 from ../Core/Inc/main.h:1,
                 from ../Core/Inc/main.h:1,
                 from ../Core/Inc/main.h:1,
                 from ../Core/Inc/main.h:1,
                 from ../Core/Inc/main.h:1,
                 from ../Core/Inc/main.h:1,
                 from ../Core/Inc/main.h:1,
                 from ../Core/Inc/main.h:1,
                 from ../Core/Inc/main.h:1,
                 from ../Core/Inc/main.h:1,
                 from ../Core/Inc/main.h:1,
                 from ../Core/Inc/main.h:1,
                 from ../Core/Inc/main.h:1,
                 from ../Core/Inc/main.h:1,
                 from ../Core/Inc/main.h:1,
                 from ../Core/Inc/main.h:1,
                 from ../Core/Inc/main.h:1,
                 from ../Core/Inc/main.h:1,
                 from ../Core/Inc/main.h:1,
                 from ../Core/Inc/main.h:1,
                 from ../Core/Inc/main.h:1,
                 from ../Core/Inc/main.h:1,
                 from ../Core/Inc/main.h:1,
                 from ../Core/Inc/main.h:1,
                 from ../Core/Inc/main.h:1,
                 from ../Core/Inc/main.h:1,
                 from ../Core/Inc/main.h:1,
                 from ../Core/Inc/main.h:1,
                 from ../Core/Inc/main.h:1,
                 from ../Core/Inc/main.h:1,
                 from ../Core/Inc/main.h:1,
                 from ../Core/Inc/main.h:1,
                 from ../Core/Inc/main.h:1,
                 from ../Core/Inc/main.h:1,
                 from ../Core/Inc/main.h:1,
                 from ../Core/Inc/main.h:1,
                 from ../Core/Inc/main.h:1,
                 from ../Core/Inc/main.h:1,
                 from ../Core/Inc/main.h:1,
                 from ../Core/Inc/main.h:1,
                 from ../Core/Inc/main.h:1,
                 from ../Core/Inc/main.h:1,
                 from ../Core/Inc/main.h:1,
                 from ../Core/Inc/main.h:1,
                 from ../Core/Inc/main.h:1,
                 from ../Core/Inc/main.h:1,
                 from ../Core/Inc/main.h:1,
                 from ../Core/Inc/main.h:1,
                 from ../Core/Inc/main.h:1,
                 from ../Core/Inc/main.h:1,
                 from ../Core/Inc/main.h:1,
                 from ../Core/Inc/main.h:1,
                 from ../Core/Inc/main.h:1,
                 from ../Core/Inc/main.h:1,
                 from ../Core/Inc/main.h:1,
                 from ../Core/Inc/main.h:1,
                 from ../Core/Inc/main.h:1,
                 from ../Core/Inc/main.h:1,
                 from ../Core/Inc/main.h:1,
                 from ../Core/Inc/main.h:1,
                 from ../Core/Inc/main.h:1,
                 from ../Core/Inc/main.h:1,
                 from ../Core/Inc/main.h:1,
                 from ../Core/Inc/main.h:1,
                 from ../Core/Inc/main.h:1,
                 from ../Core/Inc/main.h:1,
                 from ../Core/Inc/main.h:1,
                 from ../Core/Inc/main.h:1,
                 from ../Core/Inc/main.h:1,
                 from ../Core/Inc/main.h:1,
                 from ../Core/Inc/main.h:1,
                 from ../Core/Inc/main.h:1,
                 from ../Core/Inc/main.h:1,
                 from ../Core/Inc/main.h:1,
                 from ../Core/Inc/main.h:1,
                 from ../Core/Inc/main.h:1,
                 from ../Core/Inc/main.h:1,
                 from ../Core/Inc/main.h:1,
                 from ../Core/Inc/main.h:1,
                 from ../Core/Inc/main.h:1,
                 from ../Core/Inc/main.h:1,
                 from ../Core/Inc/main.h:1,
                 from ../Core/Inc/main.h:1,
                 from ../Core/Inc/main.h:1,
                 from ../Core/Inc/main.h:1,
                 from ../Core/Inc/main.h:1,
                 from ../Core/Inc/main.h:1,
                 from ../Core/Inc/main.h:1,
                 from ../Core/Inc/main.h:1,
                 from ../Core/Inc/main.h:1,
                 from ../Core/Inc/main.h:1,
                 from ../Core/Inc/main.h:1,
                 from ../Core/Inc/main.h:1,
                 from ../Core/Inc/main.h:1,
                 from ../Core/Inc/main.h:1,
                 from ../Core/Inc/main.h:1,
                 from ../Core/Inc/main.h:1,
                 from ../Core/Inc/main.h:1,
                 from ../Core/Inc/main.h:1,
                 from ../Core/Inc/main.h:1,
                 from ../Core/Inc/main.h:1,
                 from ../Core/Inc/main.h:1,
                 from ../Core/Inc/main.h:1,
                 from ../Core/Inc/main.h:1,
                 from ../Core/Inc/main.h:1,
                 from ../Core/Inc/main.h:1,
                 from ../Core/Inc/main.h:1,
                 from ../Core/Inc/main.h:1,
                 from ../Core/Inc/main.h:1,
                 from ../Core/Inc/main.h:1,
                 from ../Core/Inc/main.h:1,
                 from ../Core/Inc/main.h:1,
                 from ../Core/Inc/main.h:1,
                 from ../Core/Inc/main.h:1,
                 from ../Core/Inc/main.h:1,
                 from ../Core/Inc/main.h:1,
                 from ../Core/Inc/main.h:1,
                 from ../Core/Inc/main.h:1,
                 from ../Core/Inc/main.h:1,
                 from ../Core/Inc/main.h:1,
                 from ../Core/Inc/main.h:1,
                 from ../Core/Inc/main.h:1,
                 from ../Core/Inc/main.h:1,
                 from ../Core/Inc/main.h:1,
                 from ../Core/Inc/main.h:1,
                 from ../Core/Inc/main.h:1,
                 from ../Core/Inc/main.h:1,
                 from ../Core/Inc/main.h:1,
                 from ../Core/Inc/main.h:1,
                 from ../Core/Inc/main.h:1,
                 from ../Core/Inc/main.h:1,
                 from ../Core/Inc/main.h:1,
                 from ../Core/Inc/main.h:1,
                 from ../Core/Inc/main.h:1,
                 from ../Core/Inc/main.h:1,
                 from ../Core/Inc/main.h:1,
                 from ../Core/Inc/main.h:1,
                 from ../Core/Inc/main.h:1,
                 from ../Core/Inc/main.h:1,
                 from ../Core/Inc/main.h:1,
                 from ../Core/Inc/main.h:1,
                 from ../Core/Inc/main.h:1,
                 from ../Core/Inc/main.h:1,
                 from ../Core/Inc/main.h:1,
                 from ../Core/Inc/main.h:1,
                 from ../Core/Inc/main.h:1,
                 from ../Core/Inc/main.h:1,
                 from ../Core/Inc/main.h:1,
                 from ../Core/Inc/main.h:1,
                 from ../Core/Inc/main.h:1,
                 from ../Core/Inc/main.h:1,
                 from ../Core/Inc/main.h:1,
                 from ../Core/Inc/main.h:1,
                 from ../Core/Inc/main.h:1,
                 from ../Core/Inc/main.h:1,
                 from ../Core/Inc/main.h:1,
                 from ../Core/Inc/main.h:1,
                 from ../Core/Inc/main.h:1,
                 from ../Core/Inc/main.h:1,
                 from ../Core/Inc/main.h:1,
                 from ../Core/Inc/main.h:1,
                 from ../Core/Inc/main.h:1,
                 from ../Core/Inc/main.h:1,
                 from ../Core/Inc/main.h:1,
                 from ../Core/Inc/main.h:1,
                 from ../Core/Inc/main.h:1,
                 from ../Core/Inc/main.h:1,
                 from ../Core/Inc/main.h:1,
                 from ../Core/Inc/main.h:1,
                 from ../Core/Inc/gpio.h:29,
                 from ../Core/Src/gpio.c:22:
../Core/Inc/main.h:1:18: error: #include nested depth 200 exceeds maximum of 200 (use -fmax-include-depth=DEPTH to increase the maximum)
    1 | #include "main.h"
      |                  ^
In file included from ../Core/Inc/main.h:1,
                 from ../Core/Inc/main.h:1,
                 from ../Core/Inc/main.h:1,
                 from ../Core/Inc/main.h:1,
                 from ../Core/Inc/main.h:1,
                 from ../Core/Inc/main.h:1,
                 from ../Core/Inc/main.h:1,
                 from ../Core/Inc/main.h:1,
                 from ../Core/Inc/main.h:1,
                 from ../Core/Inc/main.h:1,
                 from ../Core/Inc/main.h:1,
                 from ../Core/Inc/main.h:1,
                 from ../Core/Inc/main.h:1,
                 from ../Core/Inc/main.h:1,
                 from ../Core/Inc/main.h:1,
                 from ../Core/Inc/main.h:1,
                 from ../Core/Inc/main.h:1,
                 from ../Core/Inc/main.h:1,
                 from ../Core/Inc/main.h:1,
                 from ../Core/Inc/main.h:1,
                 from ../Core/Inc/main.h:1,
                 from ../Core/Inc/main.h:1,
                 from ../Core/Inc/main.h:1,
                 from ../Core/Inc/main.h:1,
                 from ../Core/Inc/main.h:1,
                 from ../Core/Inc/main.h:1,
                 from ../Core/Inc/main.h:1,
                 from ../Core/Inc/main.h:1,
                 from ../Core/Inc/main.h:1,
                 from ../Core/Inc/main.h:1,
                 from ../Core/Inc/main.h:1,
                 from ../Core/Inc/main.h:1,
                 from ../Core/Inc/main.h:1,
                 from ../Core/Inc/main.h:1,
                 from ../Core/Inc/main.h:1,
                 from ../Core/Inc/main.h:1,
                 from ../Core/Inc/main.h:1,
                 from ../Core/Inc/main.h:1,
                 from ../Core/Inc/main.h:1,
                 from ../Core/Inc/main.h:1,
                 from ../Core/Inc/main.h:1,
                 from ../Core/Inc/main.h:1,
                 from ../Core/Inc/main.h:1,
                 from ../Core/Inc/main.h:1,
                 from ../Core/Inc/main.h:1,
                 from ../Core/Inc/main.h:1,
                 from ../Core/Inc/main.h:1,
                 from ../Core/Inc/main.h:1,
                 from ../Core/Inc/main.h:1,
                 from ../Core/Inc/main.h:1,
                 from ../Core/Inc/main.h:1,
                 from ../Core/Inc/main.h:1,
                 from ../Core/Inc/main.h:1,
                 from ../Core/Inc/main.h:1,
                 from ../Core/Inc/main.h:1,
                 from ../Core/Inc/main.h:1,
                 from ../Core/Inc/main.h:1,
                 from ../Core/Inc/main.h:1,
                 from ../Core/Inc/main.h:1,
                 from ../Core/Inc/main.h:1,
                 from ../Core/Inc/main.h:1,
                 from ../Core/Inc/main.h:1,
                 from ../Core/Inc/main.h:1,
                 from ../Core/Inc/main.h:1,
                 from ../Core/Inc/main.h:1,
                 from ../Core/Inc/main.h:1,
                 from ../Core/Inc/main.h:1,
                 from ../Core/Inc/main.h:1,
                 from ../Core/Inc/main.h:1,
                 from ../Core/Inc/main.h:1,
                 from ../Core/Inc/main.h:1,
                 from ../Core/Inc/main.h:1,
                 from ../Core/Inc/main.h:1,
                 from ../Core/Inc/main.h:1,
                 from ../Core/Inc/main.h:1,
                 from ../Core/Inc/main.h:1,
                 from ../Core/Inc/main.h:1,
                 from ../Core/Inc/main.h:1,
                 from ../Core/Inc/main.h:1,
                 from ../Core/Inc/main.h:1,
                 from ../Core/Inc/main.h:1,
                 from ../Core/Inc/main.h:1,
                 from ../Core/Inc/main.h:1,
                 from ../Core/Inc/main.h:1,
                 from ../Core/Inc/main.h:1,
                 from ../Core/Inc/main.h:1,
                 from ../Core/Inc/main.h:1,
                 from ../Core/Inc/main.h:1,
                 from ../Core/Inc/main.h:1,
                 from ../Core/Inc/main.h:1,
                 from ../Core/Inc/main.h:1,
                 from ../Core/Inc/main.h:1,
                 from ../Core/Inc/main.h:1,
                 from ../Core/Inc/main.h:1,
                 from ../Core/Inc/main.h:1,
                 from ../Core/Inc/main.h:1,
                 from ../Core/Inc/main.h:1,
                 from ../Core/Inc/main.h:1,
                 from ../Core/Inc/main.h:1,
                 from ../Core/Inc/main.h:1,
                 from ../Core/Inc/main.h:1,
                 from ../Core/Inc/main.h:1,
                 from ../Core/Inc/main.h:1,
                 from ../Core/Inc/main.h:1,
                 from ../Core/Inc/main.h:1,
                 from ../Core/Inc/main.h:1,
                 from ../Core/Inc/main.h:1,
                 from ../Core/Inc/main.h:1,
                 from ../Core/Inc/main.h:1,
                 from ../Core/Inc/main.h:1,
                 from ../Core/Inc/main.h:1,
                 from ../Core/Inc/main.h:1,
                 from ../Core/Inc/main.h:1,
                 from ../Core/Inc/main.h:1,
                 from ../Core/Inc/main.h:1,
                 from ../Core/Inc/main.h:1,
                 from ../Core/Inc/main.h:1,
                 from ../Core/Inc/main.h:1,
                 from ../Core/Inc/main.h:1,
                 from ../Core/Inc/main.h:1,
                 from ../Core/Inc/main.h:1,
                 from ../Core/Inc/main.h:1,
                 from ../Core/Inc/main.h:1,
                 from ../Core/Inc/main.h:1,
                 from ../Core/Inc/main.h:1,
                 from ../Core/Inc/main.h:1,
                 from ../Core/Inc/main.h:1,
                 from ../Core/Inc/main.h:1,
                 from ../Core/Inc/main.h:1,
                 from ../Core/Inc/main.h:1,
                 from ../Core/Inc/main.h:1,
                 from ../Core/Inc/main.h:1,
                 from ../Core/Inc/main.h:1,
                 from ../Core/Inc/main.h:1,
                 from ../Core/Inc/main.h:1,
                 from ../Core/Inc/main.h:1,
                 from ../Core/Inc/main.h:1,
                 from ../Core/Inc/main.h:1,
                 from ../Core/Inc/main.h:1,
                 from ../Core/Inc/main.h:1,
                 from ../Core/Inc/main.h:1,
                 from ../Core/Inc/main.h:1,
                 from ../Core/Inc/main.h:1,
                 from ../Core/Inc/main.h:1,
                 from ../Core/Inc/main.h:1,
                 from ../Core/Inc/main.h:1,
                 from ../Core/Inc/main.h:1,
                 from ../Core/Inc/main.h:1,
                 from ../Core/Inc/main.h:1,
                 from ../Core/Inc/main.h:1,
                 from ../Core/Inc/main.h:1,
                 from ../Core/Inc/main.h:1,
                 from ../Core/Inc/main.h:1,
                 from ../Core/Inc/main.h:1,
                 from ../Core/Inc/main.h:1,
                 from ../Core/Inc/main.h:1,
                 from ../Core/Inc/main.h:1,
                 from ../Core/Inc/main.h:1,
                 from ../Core/Inc/main.h:1,
                 from ../Core/Inc/main.h:1,
                 from ../Core/Inc/main.h:1,
                 from ../Core/Inc/main.h:1,
                 from ../Core/Inc/main.h:1,
                 from ../Core/Inc/main.h:1,
                 from ../Core/Inc/main.h:1,
                 from ../Core/Inc/main.h:1,
                 from ../Core/Inc/main.h:1,
                 from ../Core/Inc/main.h:1,
                 from ../Core/Inc/main.h:1,
                 from ../Core/Inc/main.h:1,
                 from ../Core/Inc/main.h:1,
                 from ../Core/Inc/main.h:1,
                 from ../Core/Inc/main.h:1,
                 from ../Core/Inc/main.h:1,
                 from ../Core/Inc/main.h:1,
                 from ../Core/Inc/main.h:1,
                 from ../Core/Inc/main.h:1,
                 from ../Core/Inc/main.h:1,
                 from ../Core/Inc/main.h:1,
                 from ../Core/Inc/main.h:1,
                 from ../Core/Inc/main.h:1,
                 from ../Core/Inc/main.h:1,
                 from ../Core/Inc/main.h:1,
                 from ../Core/Inc/main.h:1,
                 from ../Core/Inc/main.h:1,
                 from ../Core/Inc/main.h:1,
                 from ../Core/Inc/main.h:1,
                 from ../Core/Inc/main.h:1,
                 from ../Core/Inc/main.h:1,
                 from ../Core/Inc/main.h:1,
                 from ../Core/Inc/main.h:1,
                 from ../Core/Inc/main.h:1,
                 from ../Core/Inc/main.h:1,
                 from ../Core/Inc/main.h:1,
                 from ../Core/Inc/main.h:1,
                 from ../Core/Inc/main.h:1,
                 from ../Core/Inc/main.h:1,
                 from ../Core/Inc/main.h:1,
                 from ../Core/Src/main.c:1:
../Core/Inc/main.h:1:18: error: #include nested depth 200 exceeds maximum of 200 (use -fmax-include-depth=DEPTH to increase the maximum)
    1 | #include "main.h"
      |                  ^
In file included from ../Core/Inc/main.h:1,
                 from ../Core/Inc/main.h:1,
                 from ../Core/Inc/main.h:1,
                 from ../Core/Inc/main.h:1,
                 from ../Core/Inc/main.h:1,
                 from ../Core/Inc/main.h:1,
                 from ../Core/Inc/main.h:1,
                 from ../Core/Inc/main.h:1,
                 from ../Core/Inc/main.h:1,
                 from ../Core/Inc/main.h:1,
                 from ../Core/Inc/main.h:1,
                 from ../Core/Inc/main.h:1,
                 from ../Core/Inc/main.h:1,
                 from ../Core/Inc/main.h:1,
                 from ../Core/Inc/main.h:1,
                 from ../Core/Inc/main.h:1,
                 from ../Core/Inc/main.h:1,
                 from ../Core/Inc/main.h:1,
                 from ../Core/Inc/main.h:1,
                 from ../Core/Inc/main.h:1,
                 from ../Core/Inc/main.h:1,
                 from ../Core/Inc/main.h:1,
                 from ../Core/Inc/main.h:1,
                 from ../Core/Inc/main.h:1,
                 from ../Core/Inc/main.h:1,
                 from ../Core/Inc/main.h:1,
                 from ../Core/Inc/main.h:1,
                 from ../Core/Inc/main.h:1,
                 from ../Core/Inc/main.h:1,
                 from ../Core/Inc/main.h:1,
                 from ../Core/Inc/main.h:1,
                 from ../Core/Inc/main.h:1,
                 from ../Core/Inc/main.h:1,
                 from ../Core/Inc/main.h:1,
                 from ../Core/Inc/main.h:1,
                 from ../Core/Inc/main.h:1,
                 from ../Core/Inc/main.h:1,
                 from ../Core/Inc/main.h:1,
                 from ../Core/Inc/main.h:1,
                 from ../Core/Inc/main.h:1,
                 from ../Core/Inc/main.h:1,
                 from ../Core/Inc/main.h:1,
                 from ../Core/Inc/main.h:1,
                 from ../Core/Inc/main.h:1,
                 from ../Core/Inc/main.h:1,
                 from ../Core/Inc/main.h:1,
                 from ../Core/Inc/main.h:1,
                 from ../Core/Inc/main.h:1,
                 from ../Core/Inc/main.h:1,
                 from ../Core/Inc/main.h:1,
                 from ../Core/Inc/main.h:1,
                 from ../Core/Inc/main.h:1,
                 from ../Core/Inc/main.h:1,
                 from ../Core/Inc/main.h:1,
                 from ../Core/Inc/main.h:1,
                 from ../Core/Inc/main.h:1,
                 from ../Core/Inc/main.h:1,
                 from ../Core/Inc/main.h:1,
                 from ../Core/Inc/main.h:1,
                 from ../Core/Inc/main.h:1,
                 from ../Core/Inc/main.h:1,
                 from ../Core/Inc/main.h:1,
                 from ../Core/Inc/main.h:1,
                 from ../Core/Inc/main.h:1,
                 from ../Core/Inc/main.h:1,
                 from ../Core/Inc/main.h:1,
                 from ../Core/Inc/main.h:1,
                 from ../Core/Inc/main.h:1,
                 from ../Core/Inc/main.h:1,
                 from ../Core/Inc/main.h:1,
                 from ../Core/Inc/main.h:1,
                 from ../Core/Inc/main.h:1,
                 from ../Core/Inc/main.h:1,
                 from ../Core/Inc/main.h:1,
                 from ../Core/Inc/main.h:1,
                 from ../Core/Inc/main.h:1,
                 from ../Core/Inc/main.h:1,
                 from ../Core/Inc/main.h:1,
                 from ../Core/Inc/main.h:1,
                 from ../Core/Inc/main.h:1,
                 from ../Core/Inc/main.h:1,
                 from ../Core/Inc/main.h:1,
                 from ../Core/Inc/main.h:1,
                 from ../Core/Inc/main.h:1,
                 from ../Core/Inc/main.h:1,
                 from ../Core/Inc/main.h:1,
                 from ../Core/Inc/main.h:1,
                 from ../Core/Inc/main.h:1,
                 from ../Core/Inc/main.h:1,
                 from ../Core/Inc/main.h:1,
                 from ../Core/Inc/main.h:1,
                 from ../Core/Inc/main.h:1,
                 from ../Core/Inc/main.h:1,
                 from ../Core/Inc/main.h:1,
                 from ../Core/Inc/main.h:1,
                 from ../Core/Inc/main.h:1,
                 from ../Core/Inc/main.h:1,
                 from ../Core/Inc/main.h:1,
                 from ../Core/Inc/main.h:1,
                 from ../Core/Inc/main.h:1,
                 from ../Core/Inc/main.h:1,
                 from ../Core/Inc/main.h:1,
                 from ../Core/Inc/main.h:1,
                 from ../Core/Inc/main.h:1,
                 from ../Core/Inc/main.h:1,
                 from ../Core/Inc/main.h:1,
                 from ../Core/Inc/main.h:1,
                 from ../Core/Inc/main.h:1,
                 from ../Core/Inc/main.h:1,
                 from ../Core/Inc/main.h:1,
                 from ../Core/Inc/main.h:1,
                 from ../Core/Inc/main.h:1,
                 from ../Core/Inc/main.h:1,
                 from ../Core/Inc/main.h:1,
                 from ../Core/Inc/main.h:1,
                 from ../Core/Inc/main.h:1,
                 from ../Core/Inc/main.h:1,
                 from ../Core/Inc/main.h:1,
                 from ../Core/Inc/main.h:1,
                 from ../Core/Inc/main.h:1,
                 from ../Core/Inc/main.h:1,
                 from ../Core/Inc/main.h:1,
                 from ../Core/Inc/main.h:1,
                 from ../Core/Inc/main.h:1,
                 from ../Core/Inc/main.h:1,
                 from ../Core/Inc/main.h:1,
                 from ../Core/Inc/main.h:1,
                 from ../Core/Inc/main.h:1,
                 from ../Core/Inc/main.h:1,
                 from ../Core/Inc/main.h:1,
                 from ../Core/Inc/main.h:1,
                 from ../Core/Inc/main.h:1,
                 from ../Core/Inc/main.h:1,
                 from ../Core/Inc/main.h:1,
                 from ../Core/Inc/main.h:1,
                 from ../Core/Inc/main.h:1,
                 from ../Core/Inc/main.h:1,
                 from ../Core/Inc/main.h:1,
                 from ../Core/Inc/main.h:1,
                 from ../Core/Inc/main.h:1,
                 from ../Core/Inc/main.h:1,
                 from ../Core/Inc/main.h:1,
                 from ../Core/Inc/main.h:1,
                 from ../Core/Inc/main.h:1,
                 from ../Core/Inc/main.h:1,
                 from ../Core/Inc/main.h:1,
                 from ../Core/Inc/main.h:1,
                 from ../Core/Inc/main.h:1,
                 from ../Core/Inc/main.h:1,
                 from ../Core/Inc/main.h:1,
                 from ../Core/Inc/main.h:1,
                 from ../Core/Inc/main.h:1,
                 from ../Core/Inc/main.h:1,
                 from ../Core/Inc/main.h:1,
                 from ../Core/Inc/main.h:1,
                 from ../Core/Inc/main.h:1,
                 from ../Core/Inc/main.h:1,
                 from ../Core/Inc/main.h:1,
                 from ../Core/Inc/main.h:1,
                 from ../Core/Inc/main.h:1,
                 from ../Core/Inc/main.h:1,
                 from ../Core/Inc/main.h:1,
                 from ../Core/Inc/main.h:1,
                 from ../Core/Inc/main.h:1,
                 from ../Core/Inc/main.h:1,
                 from ../Core/Inc/main.h:1,
                 from ../Core/Inc/main.h:1,
                 from ../Core/Inc/main.h:1,
                 from ../Core/Inc/main.h:1,
                 from ../Core/Inc/main.h:1,
                 from ../Core/Inc/main.h:1,
                 from ../Core/Inc/main.h:1,
                 from ../Core/Inc/main.h:1,
                 from ../Core/Inc/main.h:1,
                 from ../Core/Inc/main.h:1,
                 from ../Core/Inc/main.h:1,
                 from ../Core/Inc/main.h:1,
                 from ../Core/Inc/main.h:1,
                 from ../Core/Inc/main.h:1,
                 from ../Core/Inc/main.h:1,
                 from ../Core/Inc/main.h:1,
                 from ../Core/Inc/main.h:1,
                 from ../Core/Inc/main.h:1,
                 from ../Core/Inc/main.h:1,
                 from ../Core/Inc/main.h:1,
                 from ../Core/Inc/main.h:1,
                 from ../Core/Inc/main.h:1,
                 from ../Core/Inc/main.h:1,
                 from ../Core/Inc/main.h:1,
                 from ../Core/Inc/main.h:1,
                 from ../Core/Inc/main.h:1,
                 from ../Core/Inc/main.h:1,
                 from ../Core/Inc/main.h:1,
                 from ../Core/Inc/main.h:1,
                 from ../Core/Inc/main.h:1,
                 from ../Core/Inc/main.h:1,
                 from ../Core/Inc/main.h:1,
                 from ../Core/Inc/main.h:1,
                 from ../Core/Src/stm32f0xx_hal_msp.c:22:
../Core/Inc/main.h:1:18: error: #include nested depth 200 exceeds maximum of 200 (use -fmax-include-depth=DEPTH to increase the maximum)
    1 | #include "main.h"
      |                  ^
../Core/Inc/main.h: In function 'main':
In file included from ../Core/Inc/main.h:1,
                 from ../Core/Inc/main.h:1,
                 from ../Core/Inc/main.h:1,
                 from ../Core/Inc/main.h:1,
                 from ../Core/Inc/main.h:1,
                 from ../Core/Inc/main.h:1,
                 from ../Core/Inc/main.h:1,
                 from ../Core/Inc/main.h:1,
                 from ../Core/Inc/main.h:1,
                 from ../Core/Inc/main.h:1,
                 from ../Core/Inc/main.h:1,
                 from ../Core/Inc/main.h:1,
                 from ../Core/Inc/main.h:1,
                 from ../Core/Inc/main.h:1,
                 from ../Core/Inc/main.h:1,
                 from ../Core/Inc/main.h:1,
                 from ../Core/Inc/main.h:1,
                 from ../Core/Inc/main.h:1,
                 from ../Core/Inc/main.h:1,
                 from ../Core/Inc/main.h:1,
                 from ../Core/Inc/main.h:1,
                 from ../Core/Inc/main.h:1,
                 from ../Core/Inc/main.h:1,
                 from ../Core/Inc/main.h:1,
                 from ../Core/Inc/main.h:1,
                 from ../Core/Inc/main.h:1,
                 from ../Core/Inc/main.h:1,
                 from ../Core/Inc/main.h:1,
                 from ../Core/Inc/main.h:1,
                 from ../Core/Inc/main.h:1,
                 from ../Core/Inc/main.h:1,
                 from ../Core/Inc/main.h:1,
                 from ../Core/Inc/main.h:1,
                 from ../Core/Inc/main.h:1,
                 from ../Core/Inc/main.h:1,
                 from ../Core/Inc/main.h:1,
                 from ../Core/Inc/main.h:1,
                 from ../Core/Inc/main.h:1,
                 from ../Core/Inc/main.h:1,
                 from ../Core/Inc/main.h:1,
                 from ../Core/Inc/main.h:1,
                 from ../Core/Inc/main.h:1,
                 from ../Core/Inc/main.h:1,
                 from ../Core/Inc/main.h:1,
                 from ../Core/Inc/main.h:1,
                 from ../Core/Inc/main.h:1,
                 from ../Core/Inc/main.h:1,
                 from ../Core/Inc/main.h:1,
                 from ../Core/Inc/main.h:1,
                 from ../Core/Inc/main.h:1,
                 from ../Core/Inc/main.h:1,
                 from ../Core/Inc/main.h:1,
                 from ../Core/Inc/main.h:1,
                 from ../Core/Inc/main.h:1,
                 from ../Core/Inc/main.h:1,
                 from ../Core/Inc/main.h:1,
                 from ../Core/Inc/main.h:1,
                 from ../Core/Inc/main.h:1,
                 from ../Core/Inc/main.h:1,
                 from ../Core/Inc/main.h:1,
                 from ../Core/Inc/main.h:1,
                 from ../Core/Inc/main.h:1,
                 from ../Core/Inc/main.h:1,
                 from ../Core/Inc/main.h:1,
                 from ../Core/Inc/main.h:1,
                 from ../Core/Inc/main.h:1,
                 from ../Core/Inc/main.h:1,
                 from ../Core/Inc/main.h:1,
                 from ../Core/Inc/main.h:1,
                 from ../Core/Inc/main.h:1,
                 from ../Core/Inc/main.h:1,
                 from ../Core/Inc/main.h:1,
                 from ../Core/Inc/main.h:1,
                 from ../Core/Inc/main.h:1,
                 from ../Core/Inc/main.h:1,
                 from ../Core/Inc/main.h:1,
                 from ../Core/Inc/main.h:1,
                 from ../Core/Inc/main.h:1,
                 from ../Core/Inc/main.h:1,
                 from ../Core/Inc/main.h:1,
                 from ../Core/Inc/main.h:1,
                 from ../Core/Inc/main.h:1,
                 from ../Core/Inc/main.h:1,
                 from ../Core/Inc/main.h:1,
                 from ../Core/Inc/main.h:1,
                 from ../Core/Inc/main.h:1,
                 from ../Core/Inc/main.h:1,
                 from ../Core/Inc/main.h:1,
                 from ../Core/Inc/main.h:1,
                 from ../Core/Inc/main.h:1,
                 from ../Core/Inc/main.h:1,
                 from ../Core/Inc/main.h:1,
                 from ../Core/Inc/main.h:1,
                 from ../Core/Inc/main.h:1,
                 from ../Core/Inc/main.h:1,
                 from ../Core/Inc/main.h:1,
                 from ../Core/Inc/main.h:1,
                 from ../Core/Inc/main.h:1,
                 from ../Core/Inc/main.h:1,
                 from ../Core/Inc/main.h:1,
                 from ../Core/Inc/main.h:1,
                 from ../Core/Inc/main.h:1,
                 from ../Core/Inc/main.h:1,
                 from ../Core/Inc/main.h:1,
                 from ../Core/Inc/main.h:1,
                 from ../Core/Inc/main.h:1,
                 from ../Core/Inc/main.h:1,
                 from ../Core/Inc/main.h:1,
                 from ../Core/Inc/main.h:1,
                 from ../Core/Inc/main.h:1,
                 from ../Core/Inc/main.h:1,
                 from ../Core/Inc/main.h:1,
                 from ../Core/Inc/main.h:1,
                 from ../Core/Inc/main.h:1,
                 from ../Core/Inc/main.h:1,
                 from ../Core/Inc/main.h:1,
                 from ../Core/Inc/main.h:1,
                 from ../Core/Inc/main.h:1,
                 from ../Core/Inc/main.h:1,
                 from ../Core/Inc/main.h:1,
                 from ../Core/Inc/main.h:1,
                 from ../Core/Inc/main.h:1,
                 from ../Core/Inc/main.h:1,
                 from ../Core/Inc/main.h:1,
                 from ../Core/Inc/main.h:1,
                 from ../Core/Inc/main.h:1,
                 from ../Core/Inc/main.h:1,
                 from ../Core/Inc/main.h:1,
                 from ../Core/Inc/main.h:1,
                 from ../Core/Inc/main.h:1,
                 from ../Core/Inc/main.h:1,
                 from ../Core/Inc/main.h:1,
                 from ../Core/Inc/main.h:1,
                 from ../Core/Inc/main.h:1,
                 from ../Core/Inc/main.h:1,
                 from ../Core/Inc/main.h:1,
                 from ../Core/Inc/main.h:1,
                 from ../Core/Inc/main.h:1,
                 from ../Core/Inc/main.h:1,
                 from ../Core/Inc/main.h:1,
                 from ../Core/Inc/main.h:1,
                 from ../Core/Inc/main.h:1,
                 from ../Core/Inc/main.h:1,
                 from ../Core/Inc/main.h:1,
                 from ../Core/Inc/main.h:1,
                 from ../Core/Inc/main.h:1,
                 from ../Core/Inc/main.h:1,
                 from ../Core/Inc/main.h:1,
                 from ../Core/Inc/main.h:1,
                 from ../Core/Inc/main.h:1,
                 from ../Core/Inc/main.h:1,
                 from ../Core/Inc/main.h:1,
                 from ../Core/Inc/main.h:1,
                 from ../Core/Inc/main.h:1,
                 from ../Core/Inc/main.h:1,
                 from ../Core/Inc/main.h:1,
                 from ../Core/Inc/main.h:1,
                 from ../Core/Inc/main.h:1,
                 from ../Core/Inc/main.h:1,
                 from ../Core/Inc/main.h:1,
                 from ../Core/Inc/main.h:1,
                 from ../Core/Inc/main.h:1,
                 from ../Core/Inc/main.h:1,
                 from ../Core/Inc/main.h:1,
                 from ../Core/Inc/main.h:1,
                 from ../Core/Inc/main.h:1,
                 from ../Core/Inc/main.h:1,
                 from ../Core/Inc/main.h:1,
                 from ../Core/Inc/main.h:1,
                 from ../Core/Inc/main.h:1,
                 from ../Core/Inc/main.h:1,
                 from ../Core/Inc/main.h:1,
                 from ../Core/Inc/main.h:1,
                 from ../Core/Inc/main.h:1,
                 from ../Core/Inc/main.h:1,
                 from ../Core/Inc/main.h:1,
                 from ../Core/Inc/main.h:1,
                 from ../Core/Inc/main.h:1,
                 from ../Core/Inc/main.h:1,
                 from ../Core/Inc/main.h:1,
                 from ../Core/Inc/main.h:1,
                 from ../Core/Inc/main.h:1,
                 from ../Core/Inc/main.h:1,
                 from ../Core/Inc/main.h:1,
                 from ../Core/Inc/main.h:1,
                 from ../Core/Inc/main.h:1,
                 from ../Core/Inc/main.h:1,
                 from ../Core/Inc/main.h:1,
                 from ../Core/Inc/main.h:1,
                 from ../Core/Inc/main.h:1,
                 from ../Core/Inc/main.h:1,
                 from ../Core/Inc/main.h:1,
                 from ../Core/Inc/main.h:1,
                 from ../Core/Inc/main.h:1,
                 from ../Core/Inc/main.h:1,
                 from ../Core/Inc/main.h:1,
                 from ../Core/Inc/main.h:1,
                 from ../Core/Inc/main.h:1,
                 from ../Core/Src/stm32f0xx_it.c:21:
../Core/Inc/main.h:1:18: error: #include nested depth 200 exceeds maximum of 200 (use -fmax-include-depth=DEPTH to increase the maximum)
    1 | #include "main.h"
      |                  ^
../Core/Inc/main.h: In function 'main':
../Core/Inc/main.h:5:3: warning: implicit declaration of function 'HAL_Init' [-Wimplicit-function-declaration]
    5 |   HAL_Init();
      |   ^~~~~~~~
../Core/Inc/main.h: In function 'main':
../Core/Inc/main.h:5:3: warning: implicit declaration of function 'HAL_Init' [-Wimplicit-function-declaration]
    5 |   HAL_Init();
      |   ^~~~~~~~
../Core/Inc/main.h:5:3: warning: implicit declaration of function 'HAL_Init' [-Wimplicit-function-declaration]
    5 |   HAL_Init();
      |   ^~~~~~~~
In file included from ../Core/Inc/main.h:1,
                 from ../Core/Inc/main.h:1,
                 from ../Core/Inc/main.h:1,
                 from ../Core/Inc/main.h:1,
                 from ../Core/Inc/main.h:1,
                 from ../Core/Inc/main.h:1,
                 from ../Core/Inc/main.h:1,
                 from ../Core/Inc/main.h:1,
                 from ../Core/Inc/main.h:1,
                 from ../Core/Inc/main.h:1,
                 from ../Core/Inc/main.h:1,
                 from ../Core/Inc/main.h:1,
                 from ../Core/Inc/main.h:1,
                 from ../Core/Inc/main.h:1,
                 from ../Core/Inc/main.h:1,
                 from ../Core/Inc/main.h:1,
                 from ../Core/Inc/main.h:1,
                 from ../Core/Inc/main.h:1,
                 from ../Core/Inc/main.h:1,
                 from ../Core/Inc/main.h:1,
                 from ../Core/Inc/main.h:1,
                 from ../Core/Inc/main.h:1,
                 from ../Core/Inc/main.h:1,
                 from ../Core/Inc/main.h:1,
                 from ../Core/Inc/main.h:1,
                 from ../Core/Inc/main.h:1,
                 from ../Core/Inc/main.h:1,
                 from ../Core/Inc/main.h:1,
                 from ../Core/Inc/main.h:1,
                 from ../Core/Inc/main.h:1,
                 from ../Core/Inc/main.h:1,
                 from ../Core/Inc/main.h:1,
                 from ../Core/Inc/main.h:1,
                 from ../Core/Inc/main.h:1,
                 from ../Core/Inc/main.h:1,
                 from ../Core/Inc/main.h:1,
                 from ../Core/Inc/main.h:1,
                 from ../Core/Inc/main.h:1,
                 from ../Core/Inc/main.h:1,
                 from ../Core/Inc/main.h:1,
                 from ../Core/Inc/main.h:1,
                 from ../Core/Inc/main.h:1,
                 from ../Core/Inc/main.h:1,
                 from ../Core/Inc/main.h:1,
                 from ../Core/Inc/main.h:1,
                 from ../Core/Inc/main.h:1,
                 from ../Core/Inc/main.h:1,
                 from ../Core/Inc/main.h:1,
                 from ../Core/Inc/main.h:1,
                 from ../Core/Inc/main.h:1,
                 from ../Core/Inc/main.h:1,
                 from ../Core/Inc/main.h:1,
                 from ../Core/Inc/main.h:1,
                 from ../Core/Inc/main.h:1,
                 from ../Core/Inc/main.h:1,
                 from ../Core/Inc/main.h:1,
                 from ../Core/Inc/main.h:1,
                 from ../Core/Inc/main.h:1,
                 from ../Core/Inc/main.h:1,
                 from ../Core/Inc/main.h:1,
                 from ../Core/Inc/main.h:1,
                 from ../Core/Inc/main.h:1,
                 from ../Core/Inc/main.h:1,
                 from ../Core/Inc/main.h:1,
                 from ../Core/Inc/main.h:1,
                 from ../Core/Inc/main.h:1,
                 from ../Core/Inc/main.h:1,
                 from ../Core/Inc/main.h:1,
                 from ../Core/Inc/main.h:1,
                 from ../Core/Inc/main.h:1,
                 from ../Core/Inc/main.h:1,
                 from ../Core/Inc/main.h:1,
                 from ../Core/Inc/main.h:1,
                 from ../Core/Inc/main.h:1,
                 from ../Core/Inc/main.h:1,
                 from ../Core/Inc/main.h:1,
                 from ../Core/Inc/main.h:1,
                 from ../Core/Inc/main.h:1,
                 from ../Core/Inc/main.h:1,
                 from ../Core/Inc/main.h:1,
                 from ../Core/Inc/main.h:1,
                 from ../Core/Inc/main.h:1,
                 from ../Core/Inc/main.h:1,
                 from ../Core/Inc/main.h:1,
                 from ../Core/Inc/main.h:1,
                 from ../Core/Inc/main.h:1,
                 from ../Core/Inc/main.h:1,
                 from ../Core/Inc/main.h:1,
                 from ../Core/Inc/main.h:1,
                 from ../Core/Inc/main.h:1,
                 from ../Core/Inc/main.h:1,
                 from ../Core/Inc/main.h:1,
                 from ../Core/Inc/main.h:1,
                 from ../Core/Inc/main.h:1,
                 from ../Core/Inc/main.h:1,
                 from ../Core/Inc/main.h:1,
                 from ../Core/Inc/main.h:1,
                 from ../Core/Inc/main.h:1,
                 from ../Core/Inc/main.h:1,
                 from ../Core/Inc/main.h:1,
                 from ../Core/Inc/main.h:1,
                 from ../Core/Inc/main.h:1,
                 from ../Core/Inc/main.h:1,
                 from ../Core/Inc/main.h:1,
                 from ../Core/Inc/main.h:1,
                 from ../Core/Inc/main.h:1,
                 from ../Core/Inc/main.h:1,
                 from ../Core/Inc/main.h:1,
                 from ../Core/Inc/main.h:1,
                 from ../Core/Inc/main.h:1,
                 from ../Core/Inc/main.h:1,
                 from ../Core/Inc/main.h:1,
                 from ../Core/Inc/main.h:1,
                 from ../Core/Inc/main.h:1,
                 from ../Core/Inc/main.h:1,
                 from ../Core/Inc/main.h:1,
                 from ../Core/Inc/main.h:1,
                 from ../Core/Inc/main.h:1,
                 from ../Core/Inc/main.h:1,
                 from ../Core/Inc/main.h:1,
                 from ../Core/Inc/main.h:1,
                 from ../Core/Inc/main.h:1,
                 from ../Core/Inc/main.h:1,
                 from ../Core/Inc/main.h:1,
                 from ../Core/Inc/main.h:1,
                 from ../Core/Inc/main.h:1,
                 from ../Core/Inc/main.h:1,
                 from ../Core/Inc/main.h:1,
                 from ../Core/Inc/main.h:1,
                 from ../Core/Inc/main.h:1,
                 from ../Core/Inc/main.h:1,
                 from ../Core/Inc/main.h:1,
                 from ../Core/Inc/main.h:1,
                 from ../Core/Inc/main.h:1,
                 from ../Core/Inc/main.h:1,
                 from ../Core/Inc/main.h:1,
                 from ../Core/Inc/main.h:1,
                 from ../Core/Inc/main.h:1,
                 from ../Core/Inc/main.h:1,
                 from ../Core/Inc/main.h:1,
                 from ../Core/Inc/main.h:1,
                 from ../Core/Inc/main.h:1,
                 from ../Core/Inc/main.h:1,
                 from ../Core/Inc/main.h:1,
                 from ../Core/Inc/main.h:1,
                 from ../Core/Inc/main.h:1,
                 from ../Core/Inc/main.h:1,
                 from ../Core/Inc/main.h:1,
                 from ../Core/Inc/main.h:1,
                 from ../Core/Inc/main.h:1,
                 from ../Core/Inc/main.h:1,
                 from ../Core/Inc/main.h:1,
                 from ../Core/Inc/main.h:1,
                 from ../Core/Inc/main.h:1,
                 from ../Core/Inc/main.h:1,
                 from ../Core/Inc/main.h:1,
                 from ../Core/Inc/main.h:1,
                 from ../Core/Inc/main.h:1,
                 from ../Core/Inc/main.h:1,
                 from ../Core/Inc/main.h:1,
                 from ../Core/Inc/main.h:1,
                 from ../Core/Inc/main.h:1,
                 from ../Core/Inc/main.h:1,
                 from ../Core/Inc/main.h:1,
                 from ../Core/Inc/main.h:1,
                 from ../Core/Inc/main.h:1,
                 from ../Core/Inc/main.h:1,
                 from ../Core/Inc/main.h:1,
                 from ../Core/Inc/main.h:1,
                 from ../Core/Inc/main.h:1,
                 from ../Core/Inc/main.h:1,
                 from ../Core/Inc/main.h:1,
                 from ../Core/Inc/main.h:1,
                 from ../Core/Inc/main.h:1,
                 from ../Core/Inc/main.h:1,
                 from ../Core/Inc/main.h:1,
                 from ../Core/Inc/main.h:1,
                 from ../Core/Inc/main.h:1,
                 from ../Core/Inc/main.h:1,
                 from ../Core/Inc/main.h:1,
                 from ../Core/Inc/main.h:1,
                 from ../Core/Inc/main.h:1,
                 from ../Core/Inc/main.h:1,
                 from ../Core/Inc/main.h:1,
                 from ../Core/Inc/main.h:1,
                 from ../Core/Inc/main.h:1,
                 from ../Core/Inc/main.h:1,
                 from ../Core/Inc/main.h:1,
                 from ../Core/Inc/main.h:1,
                 from ../Core/Inc/main.h:1,
                 from ../Core/Inc/main.h:1,
                 from ../Core/Inc/main.h:1,
                 from ../Core/Inc/main.h:1,
                 from ../Core/Inc/main.h:1,
                 from ../Core/Inc/main.h:1,
                 from ../Core/Inc/main.h:1,
                 from ../Core/Inc/main.h:1,
                 from ../Core/Inc/usart.h:29,
                 from ../Core/Src/usart.c:21:
../Core/Inc/main.h:1:18: error: #include nested depth 200 exceeds maximum of 200 (use -fmax-include-depth=DEPTH to increase the maximum)
    1 | #include "main.h"
      |                  ^
../Core/Inc/main.h: In function 'main':
../Core/Inc/main.h:6:3: warning: implicit declaration of function 'SystemClock_Config' [-Wimplicit-function-declaration]
    6 |   SystemClock_Config();
      |   ^~~~~~~~~~~~~~~~~~
../Core/Inc/main.h:6:3: warning: implicit declaration of function 'SystemClock_Config' [-Wimplicit-function-declaration]
    6 |   SystemClock_Config();
      |   ^~~~~~~~~~~~~~~~~~
../Core/Inc/main.h:6:3: warning: implicit declaration of function 'SystemClock_Config' [-Wimplicit-function-declaration]
    6 |   SystemClock_Config();
      |   ^~~~~~~~~~~~~~~~~~
../Core/Inc/main.h:5:3: warning: implicit declaration of function 'HAL_Init' [-Wimplicit-function-declaration]
    5 |   HAL_Init();
      |   ^~~~~~~~
../Core/Inc/main.h: In function 'main':
../Core/Inc/main.h:7:3: warning: implicit declaration of function 'MX_GPIO_Init' [-Wimplicit-function-declaration]
    7 |   MX_GPIO_Init();
      |   ^~~~~~~~~~~~
../Core/Inc/main.h:5:3: warning: implicit declaration of function 'HAL_Init' [-Wimplicit-function-declaration]
    5 |   HAL_Init();
      |   ^~~~~~~~
../Core/Inc/main.h:7:3: warning: implicit declaration of function 'MX_GPIO_Init' [-Wimplicit-function-declaration]
    7 |   MX_GPIO_Init();
      |   ^~~~~~~~~~~~
../Core/Inc/main.h:7:3: warning: implicit declaration of function 'MX_GPIO_Init' [-Wimplicit-function-declaration]
    7 |   MX_GPIO_Init();
      |   ^~~~~~~~~~~~
../Core/Inc/main.h:10:3: warning: implicit declaration of function 'HAL_GPIO_WritePin' [-Wimplicit-function-declaration]
   10 |   HAL_GPIO_WritePin(GPIOC, GPIO_PIN_8, GPIO_PIN_SET);
      |   ^~~~~~~~~~~~~~~~~
../Core/Inc/main.h:6:3: warning: implicit declaration of function 'SystemClock_Config' [-Wimplicit-function-declaration]
    6 |   SystemClock_Config();
      |   ^~~~~~~~~~~~~~~~~~
../Core/Inc/main.h:10:3: warning: implicit declaration of function 'HAL_GPIO_WritePin' [-Wimplicit-function-declaration]
   10 |   HAL_GPIO_WritePin(GPIOC, GPIO_PIN_8, GPIO_PIN_SET);
      |   ^~~~~~~~~~~~~~~~~
../Core/Inc/main.h:6:3: warning: implicit declaration of function 'SystemClock_Config' [-Wimplicit-function-declaration]
    6 |   SystemClock_Config();
      |   ^~~~~~~~~~~~~~~~~~
../Core/Inc/main.h:10:3: warning: implicit declaration of function 'HAL_GPIO_WritePin' [-Wimplicit-function-declaration]
   10 |   HAL_GPIO_WritePin(GPIOC, GPIO_PIN_8, GPIO_PIN_SET);
      |   ^~~~~~~~~~~~~~~~~
../Core/Inc/main.h:10:21: error: 'GPIOC' undeclared (first use in this function)
   10 |   HAL_GPIO_WritePin(GPIOC, GPIO_PIN_8, GPIO_PIN_SET);
      |                     ^~~~~
../Core/Inc/main.h:7:3: warning: implicit declaration of function 'MX_GPIO_Init' [-Wimplicit-function-declaration]
    7 |   MX_GPIO_Init();
      |   ^~~~~~~~~~~~
../Core/Inc/main.h:10:21: error: 'GPIOC' undeclared (first use in this function)
   10 |   HAL_GPIO_WritePin(GPIOC, GPIO_PIN_8, GPIO_PIN_SET);
      |                     ^~~~~
../Core/Inc/main.h:10:21: note: each undeclared identifier is reported only once for each function it appears in
../Core/Inc/main.h:7:3: warning: implicit declaration of function 'MX_GPIO_Init' [-Wimplicit-function-declaration]
    7 |   MX_GPIO_Init();
      |   ^~~~~~~~~~~~
../Core/Inc/main.h:10:21: error: 'GPIOC' undeclared (first use in this function)
   10 |   HAL_GPIO_WritePin(GPIOC, GPIO_PIN_8, GPIO_PIN_SET);
      |                     ^~~~~
../Core/Inc/main.h:10:21: note: each undeclared identifier is reported only once for each function it appears in
../Core/Inc/main.h:10:28: error: 'GPIO_PIN_8' undeclared (first use in this function)
   10 |   HAL_GPIO_WritePin(GPIOC, GPIO_PIN_8, GPIO_PIN_SET);
      |                            ^~~~~~~~~~
../Core/Inc/main.h:10:3: warning: implicit declaration of function 'HAL_GPIO_WritePin' [-Wimplicit-function-declaration]
   10 |   HAL_GPIO_WritePin(GPIOC, GPIO_PIN_8, GPIO_PIN_SET);
      |   ^~~~~~~~~~~~~~~~~
../Core/Inc/main.h:10:21: note: each undeclared identifier is reported only once for each function it appears in
../Core/Inc/main.h:10:3: warning: implicit declaration of function 'HAL_GPIO_WritePin' [-Wimplicit-function-declaration]
   10 |   HAL_GPIO_WritePin(GPIOC, GPIO_PIN_8, GPIO_PIN_SET);
      |   ^~~~~~~~~~~~~~~~~
../Core/Inc/main.h:10:21: error: 'GPIOC' undeclared (first use in this function)
   10 |   HAL_GPIO_WritePin(GPIOC, GPIO_PIN_8, GPIO_PIN_SET);
      |                     ^~~~~
../Core/Inc/main.h:10:28: error: 'GPIO_PIN_8' undeclared (first use in this function)
   10 |   HAL_GPIO_WritePin(GPIOC, GPIO_PIN_8, GPIO_PIN_SET);
      |                            ^~~~~~~~~~
../Core/Inc/main.h:10:21: note: each undeclared identifier is reported only once for each function it appears in
../Core/Inc/main.h:10:40: error: 'GPIO_PIN_SET' undeclared (first use in this function)
   10 |   HAL_GPIO_WritePin(GPIOC, GPIO_PIN_8, GPIO_PIN_SET);
      |                                        ^~~~~~~~~~~~
../Core/Inc/main.h:10:28: error: 'GPIO_PIN_8' undeclared (first use in this function)
   10 |   HAL_GPIO_WritePin(GPIOC, GPIO_PIN_8, GPIO_PIN_SET);
      |                            ^~~~~~~~~~
../Core/Inc/main.h:10:21: error: 'GPIOC' undeclared (first use in this function)
   10 |   HAL_GPIO_WritePin(GPIOC, GPIO_PIN_8, GPIO_PIN_SET);
      |                     ^~~~~
../Core/Inc/main.h:10:40: error: 'GPIO_PIN_SET' undeclared (first use in this function)
   10 |   HAL_GPIO_WritePin(GPIOC, GPIO_PIN_8, GPIO_PIN_SET);
      |                                        ^~~~~~~~~~~~
../Core/Inc/main.h:14:3: warning: implicit declaration of function 'HAL_GPIO_TogglePin' [-Wimplicit-function-declaration]
   14 |   HAL_GPIO_TogglePin(GPIOC, GPIO_PIN_8);
      |   ^~~~~~~~~~~~~~~~~~
../Core/Inc/main.h:10:28: error: 'GPIO_PIN_8' undeclared (first use in this function)
   10 |   HAL_GPIO_WritePin(GPIOC, GPIO_PIN_8, GPIO_PIN_SET);
      |                            ^~~~~~~~~~
../Core/Inc/main.h:10:21: note: each undeclared identifier is reported only once for each function it appears in
../Core/Inc/main.h:14:3: warning: implicit declaration of function 'HAL_GPIO_TogglePin' [-Wimplicit-function-declaration]
   14 |   HAL_GPIO_TogglePin(GPIOC, GPIO_PIN_8);
      |   ^~~~~~~~~~~~~~~~~~
../Core/Inc/main.h:15:3: warning: implicit declaration of function 'HAL_Delay' [-Wimplicit-function-declaration]
   15 |   HAL_Delay(500);
      |   ^~~~~~~~~
../Core/Inc/main.h:10:40: error: 'GPIO_PIN_SET' undeclared (first use in this function)
   10 |   HAL_GPIO_WritePin(GPIOC, GPIO_PIN_8, GPIO_PIN_SET);
      |                                        ^~~~~~~~~~~~
../Core/Inc/main.h:10:28: error: 'GPIO_PIN_8' undeclared (first use in this function)
   10 |   HAL_GPIO_WritePin(GPIOC, GPIO_PIN_8, GPIO_PIN_SET);
      |                            ^~~~~~~~~~
../Core/Inc/main.h:10:40: error: 'GPIO_PIN_SET' undeclared (first use in this function)
   10 |   HAL_GPIO_WritePin(GPIOC, GPIO_PIN_8, GPIO_PIN_SET);
      |                                        ^~~~~~~~~~~~
../Core/Inc/main.h: At top level:
../Core/Inc/main.h:3:5: error: redefinition of 'main'
    3 | int main(void)
      |     ^~~~
../Core/Inc/main.h:15:3: warning: implicit declaration of function 'HAL_Delay' [-Wimplicit-function-declaration]
   15 |   HAL_Delay(500);
      |   ^~~~~~~~~
../Core/Inc/main.h:3:5: note: previous definition of 'main' with type 'int(void)'
    3 | int main(void)
      |     ^~~~
../Core/Inc/main.h:14:3: warning: implicit declaration of function 'HAL_GPIO_TogglePin' [-Wimplicit-function-declaration]
   14 |   HAL_GPIO_TogglePin(GPIOC, GPIO_PIN_8);
      |   ^~~~~~~~~~~~~~~~~~
../Core/Inc/main.h:10:40: error: 'GPIO_PIN_SET' undeclared (first use in this function)
   10 |   HAL_GPIO_WritePin(GPIOC, GPIO_PIN_8, GPIO_PIN_SET);
      |                                        ^~~~~~~~~~~~
../Core/Inc/main.h:14:3: warning: implicit declaration of function 'HAL_GPIO_TogglePin' [-Wimplicit-function-declaration]
   14 |   HAL_GPIO_TogglePin(GPIOC, GPIO_PIN_8);
      |   ^~~~~~~~~~~~~~~~~~
../Core/Inc/main.h: At top level:
../Core/Inc/main.h:15:3: warning: implicit declaration of function 'HAL_Delay' [-Wimplicit-function-declaration]
   15 |   HAL_Delay(500);
      |   ^~~~~~~~~
../Core/Inc/main.h:3:5: error: redefinition of 'main'
    3 | int main(void)
      |     ^~~~
../Core/Inc/main.h:3:5: note: previous definition of 'main' with type 'int(void)'
    3 | int main(void)
      |     ^~~~
../Core/Inc/main.h: At top level:
../Core/Inc/main.h:3:5: error: redefinition of 'main'
    3 | int main(void)
      |     ^~~~
../Core/Inc/main.h:3:5: note: previous definition of 'main' with type 'int(void)'
    3 | int main(void)
      |     ^~~~
../Core/Inc/main.h:15:3: warning: implicit declaration of function 'HAL_Delay' [-Wimplicit-function-declaration]
   15 |   HAL_Delay(500);
      |   ^~~~~~~~~
../Core/Inc/main.h: In function 'main':
../Core/Inc/main.h:14:3: warning: implicit declaration of function 'HAL_GPIO_TogglePin' [-Wimplicit-function-declaration]
   14 |   HAL_GPIO_TogglePin(GPIOC, GPIO_PIN_8);
      |   ^~~~~~~~~~~~~~~~~~
../Core/Inc/main.h:10:21: error: 'GPIOC' undeclared (first use in this function)
   10 |   HAL_GPIO_WritePin(GPIOC, GPIO_PIN_8, GPIO_PIN_SET);
      |                     ^~~~~
../Core/Inc/main.h: At top level:
../Core/Inc/main.h:3:5: error: redefinition of 'main'
    3 | int main(void)
      |     ^~~~
../Core/Inc/main.h:3:5: note: previous definition of 'main' with type 'int(void)'
    3 | int main(void)
      |     ^~~~
../Core/Inc/main.h: In function 'main':
../Core/Inc/main.h:10:21: error: 'GPIOC' undeclared (first use in this function)
   10 |   HAL_GPIO_WritePin(GPIOC, GPIO_PIN_8, GPIO_PIN_SET);
      |                     ^~~~~
../Core/Inc/main.h:15:3: warning: implicit declaration of function 'HAL_Delay' [-Wimplicit-function-declaration]
   15 |   HAL_Delay(500);
      |   ^~~~~~~~~
../Core/Inc/main.h:10:28: error: 'GPIO_PIN_8' undeclared (first use in this function)
   10 |   HAL_GPIO_WritePin(GPIOC, GPIO_PIN_8, GPIO_PIN_SET);
      |                            ^~~~~~~~~~
../Core/Inc/main.h: At top level:
../Core/Inc/main.h:3:5: error: redefinition of 'main'
    3 | int main(void)
      |     ^~~~
../Core/Inc/main.h:3:5: note: previous definition of 'main' with type 'int(void)'
    3 | int main(void)
      |     ^~~~
../Core/Inc/main.h: In function 'main':
../Core/Inc/main.h: In function 'main':
../Core/Inc/main.h:10:21: error: 'GPIOC' undeclared (first use in this function)
   10 |   HAL_GPIO_WritePin(GPIOC, GPIO_PIN_8, GPIO_PIN_SET);
      |                     ^~~~~
../Core/Inc/main.h:10:28: error: 'GPIO_PIN_8' undeclared (first use in this function)
   10 |   HAL_GPIO_WritePin(GPIOC, GPIO_PIN_8, GPIO_PIN_SET);
      |                            ^~~~~~~~~~
../Core/Inc/main.h: In function 'main':
../Core/Inc/main.h:10:21: error: 'GPIOC' undeclared (first use in this function)
   10 |   HAL_GPIO_WritePin(GPIOC, GPIO_PIN_8, GPIO_PIN_SET);
      |                     ^~~~~
../Core/Inc/main.h:10:21: error: 'GPIOC' undeclared (first use in this function)
   10 |   HAL_GPIO_WritePin(GPIOC, GPIO_PIN_8, GPIO_PIN_SET);
      |                     ^~~~~
../Core/Inc/main.h:10:40: error: 'GPIO_PIN_SET' undeclared (first use in this function)
   10 |   HAL_GPIO_WritePin(GPIOC, GPIO_PIN_8, GPIO_PIN_SET);
      |                                        ^~~~~~~~~~~~
../Core/Inc/main.h: At top level:
../Core/Inc/main.h:3:5: error: redefinition of 'main'
    3 | int main(void)
      |     ^~~~
../Core/Inc/main.h:10:28: error: 'GPIO_PIN_8' undeclared (first use in this function)
   10 |   HAL_GPIO_WritePin(GPIOC, GPIO_PIN_8, GPIO_PIN_SET);
      |                            ^~~~~~~~~~
../Core/Inc/main.h:10:40: error: 'GPIO_PIN_SET' undeclared (first use in this function)
   10 |   HAL_GPIO_WritePin(GPIOC, GPIO_PIN_8, GPIO_PIN_SET);
      |                                        ^~~~~~~~~~~~
../Core/Inc/main.h:3:5: note: previous definition of 'main' with type 'int(void)'
    3 | int main(void)
      |     ^~~~
../Core/Inc/main.h: At top level:
../Core/Inc/main.h:3:5: error: redefinition of 'main'
    3 | int main(void)
      |     ^~~~
../Core/Inc/main.h:3:5: note: previous definition of 'main' with type 'int(void)'
    3 | int main(void)
      |     ^~~~
../Core/Inc/main.h:10:28: error: 'GPIO_PIN_8' undeclared (first use in this function)
   10 |   HAL_GPIO_WritePin(GPIOC, GPIO_PIN_8, GPIO_PIN_SET);
      |                            ^~~~~~~~~~
../Core/Inc/main.h:10:28: error: 'GPIO_PIN_8' undeclared (first use in this function)
   10 |   HAL_GPIO_WritePin(GPIOC, GPIO_PIN_8, GPIO_PIN_SET);
      |                            ^~~~~~~~~~
../Core/Inc/main.h: In function 'main':
../Core/Inc/main.h:10:21: error: 'GPIOC' undeclared (first use in this function)
   10 |   HAL_GPIO_WritePin(GPIOC, GPIO_PIN_8, GPIO_PIN_SET);
      |                     ^~~~~
../Core/Inc/main.h:10:40: error: 'GPIO_PIN_SET' undeclared (first use in this function)
   10 |   HAL_GPIO_WritePin(GPIOC, GPIO_PIN_8, GPIO_PIN_SET);
      |                                        ^~~~~~~~~~~~
../Core/Inc/main.h:10:40: error: 'GPIO_PIN_SET' undeclared (first use in this function)
   10 |   HAL_GPIO_WritePin(GPIOC, GPIO_PIN_8, GPIO_PIN_SET);
      |                                        ^~~~~~~~~~~~
../Core/Inc/main.h: In function 'main':
../Core/Inc/main.h:10:21: error: 'GPIOC' undeclared (first use in this function)
   10 |   HAL_GPIO_WritePin(GPIOC, GPIO_PIN_8, GPIO_PIN_SET);
      |                     ^~~~~
../Core/Inc/main.h: At top level:
../Core/Inc/main.h: At top level:
../Core/Inc/main.h:3:5: error: redefinition of 'main'
    3 | int main(void)
      |     ^~~~
[...]
    3 | int main(void)
      |     ^~~~
../Core/Inc/main.h:3:5: note: previous definition of 'main' with type 'int(void)'
    3 | int main(void)
      |     ^~~~
../Core/Inc/main.h:10:40: error: 'GPIO_PIN_SET' undeclared (first use in this function)
   10 |   HAL_GPIO_WritePin(GPIOC, GPIO_PIN_8, GPIO_PIN_SET);
      |                                        ^~~~~~~~~~~~
../Core/Src/main.c:12:40: error: 'GPIO_PIN_SET' undeclared (first use in this function)
   12 |   HAL_GPIO_WritePin(GPIOC, GPIO_PIN_8, GPIO_PIN_SET);
      |                                        ^~~~~~~~~~~~
../Core/Src/usart.c:27:1: error: unknown type name 'UART_HandleTypeDef'
   27 | UART_HandleTypeDef huart2;
      | ^~~~~~~~~~~~~~~~~~
../Core/Inc/main.h: In function 'main':
../Core/Inc/main.h:10:21: error: 'GPIOC' undeclared (first use in this function)
   10 |   HAL_GPIO_WritePin(GPIOC, GPIO_PIN_8, GPIO_PIN_SET);
      |                     ^~~~~
../Core/Src/usart.c: In function 'MX_USART2_UART_Init':
../Core/Src/usart.c:41:9: error: request for member 'Instance' in something not a structure or union
   41 |   huart2.Instance = USART2;
      |         ^
../Core/Inc/gpio.h: At top level:
../Core/Inc/gpio.h:39:6: warning: conflicting types for 'MX_GPIO_Init'; have 'void(void)'
   39 | void MX_GPIO_Init(void);
      |      ^~~~~~~~~~~~
../Core/Inc/main.h:7:3: note: previous implicit declaration of 'MX_GPIO_Init' with type 'void(void)'
    7 |   MX_GPIO_Init();
      |   ^~~~~~~~~~~~
../Core/Src/usart.c:41:21: error: 'USART2' undeclared (first use in this function)
   41 |   huart2.Instance = USART2;
      |                     ^~~~~~
../Core/Src/usart.c:42:9: error: request for member 'Init' in something not a structure or union
   42 |   huart2.Init.BaudRate = 115200;
      |         ^
../Core/Inc/main.h:10:28: error: 'GPIO_PIN_8' undeclared (first use in this function)
   10 |   HAL_GPIO_WritePin(GPIOC, GPIO_PIN_8, GPIO_PIN_SET);
      |                            ^~~~~~~~~~
../Core/Src/usart.c:43:9: error: request for member 'Init' in something not a structure or union
   43 |   huart2.Init.WordLength = UART_WORDLENGTH_8B;
      |         ^
../Core/Src/usart.c:43:28: error: 'UART_WORDLENGTH_8B' undeclared (first use in this function)
   43 |   huart2.Init.WordLength = UART_WORDLENGTH_8B;
      |                            ^~~~~~~~~~~~~~~~~~
../Core/Src/gpio.c: In function 'MX_GPIO_Init':
../Core/Src/usart.c:44:9: error: request for member 'Init' in something not a structure or union
   44 |   huart2.Init.StopBits = UART_STOPBITS_1;
      |         ^
../Core/Src/gpio.c:45:3: error: unknown type name 'GPIO_InitTypeDef'
   45 |   GPIO_InitTypeDef GPIO_InitStruct = {0};
      |   ^~~~~~~~~~~~~~~~
../Core/Src/usart.c:44:26: error: 'UART_STOPBITS_1' undeclared (first use in this function)
   44 |   huart2.Init.StopBits = UART_STOPBITS_1;
      |                          ^~~~~~~~~~~~~~~
../Core/Src/usart.c:45:9: error: request for member 'Init' in something not a structure or union
   45 |   huart2.Init.Parity = UART_PARITY_NONE;
      |         ^
../Core/Src/usart.c:45:24: error: 'UART_PARITY_NONE' undeclared (first use in this function)
   45 |   huart2.Init.Parity = UART_PARITY_NONE;
      |                        ^~~~~~~~~~~~~~~~
../Core/Src/usart.c:46:9: error: request for member 'Init' in something not a structure or union
   46 |   huart2.Init.Mode = UART_MODE_TX_RX;
      |         ^
../Core/Inc/main.h:10:40: error: 'GPIO_PIN_SET' undeclared (first use in this function)
   10 |   HAL_GPIO_WritePin(GPIOC, GPIO_PIN_8, GPIO_PIN_SET);
      |                                        ^~~~~~~~~~~~
../Core/Src/usart.c:46:22: error: 'UART_MODE_TX_RX' undeclared (first use in this function)
   46 |   huart2.Init.Mode = UART_MODE_TX_RX;
      |                      ^~~~~~~~~~~~~~~
../Core/Src/usart.c:47:9: error: request for member 'Init' in something not a structure or union
   47 |   huart2.Init.HwFlowCtl = UART_HWCONTROL_NONE;
      |         ^
../Core/Src/gpio.c:48:3: warning: implicit declaration of function '__HAL_RCC_GPIOA_CLK_ENABLE' [-Wimplicit-function-declaration]
   48 |   __HAL_RCC_GPIOA_CLK_ENABLE();
      |   ^~~~~~~~~~~~~~~~~~~~~~~~~~
../Core/Src/usart.c:47:27: error: 'UART_HWCONTROL_NONE' undeclared (first use in this function)
   47 |   huart2.Init.HwFlowCtl = UART_HWCONTROL_NONE;
      |                           ^~~~~~~~~~~~~~~~~~~
../Core/Src/usart.c:48:9: error: request for member 'Init' in something not a structure or union
   48 |   huart2.Init.OverSampling = UART_OVERSAMPLING_16;
      |         ^
../Core/Src/usart.c:48:30: error: 'UART_OVERSAMPLING_16' undeclared (first use in this function)
   48 |   huart2.Init.OverSampling = UART_OVERSAMPLING_16;
      |                              ^~~~~~~~~~~~~~~~~~~~
../Core/Src/usart.c:49:9: error: request for member 'Init' in something not a structure or union
   49 |   huart2.Init.OneBitSampling = UART_ONE_BIT_SAMPLE_DISABLE;
      |         ^
../Core/Src/usart.c:49:32: error: 'UART_ONE_BIT_SAMPLE_DISABLE' undeclared (first use in this function)
   49 |   huart2.Init.OneBitSampling = UART_ONE_BIT_SAMPLE_DISABLE;
      |                                ^~~~~~~~~~~~~~~~~~~~~~~~~~~
make: *** [Core/Src/subdir.mk:40: Core/Src/main.o] Error 1
../Core/Src/usart.c:50:9: error: request for member 'AdvancedInit' in something not a structure or union
   50 |   huart2.AdvancedInit.AdvFeatureInit = UART_ADVFEATURE_NO_INIT;
      |         ^
../Core/Src/stm32f0xx_hal_msp.c: In function 'HAL_MspInit':
../Core/Src/usart.c:50:40: error: 'UART_ADVFEATURE_NO_INIT' undeclared (first use in this function)
   50 |   huart2.AdvancedInit.AdvFeatureInit = UART_ADVFEATURE_NO_INIT;
      |                                        ^~~~~~~~~~~~~~~~~~~~~~~
../Core/Src/usart.c:51:7: warning: implicit declaration of function 'HAL_UART_Init' [-Wimplicit-function-declaration]
   51 |   if (HAL_UART_Init(&huart2) != HAL_OK)
      |       ^~~~~~~~~~~~~
../Core/Src/usart.c:51:33: error: 'HAL_OK' undeclared (first use in this function)
   51 |   if (HAL_UART_Init(&huart2) != HAL_OK)
      |                                 ^~~~~~
../Core/Src/gpio.c:49:3: warning: implicit declaration of function '__HAL_RCC_GPIOC_CLK_ENABLE' [-Wimplicit-function-declaration]
   49 |   __HAL_RCC_GPIOC_CLK_ENABLE();
      |   ^~~~~~~~~~~~~~~~~~~~~~~~~~
../Core/Src/usart.c:53:5: warning: implicit declaration of function 'Error_Handler' [-Wimplicit-function-declaration]
   53 |     Error_Handler();
      |     ^~~~~~~~~~~~~
../Core/Src/stm32f0xx_hal_msp.c:70:3: warning: implicit declaration of function '__HAL_RCC_SYSCFG_CLK_ENABLE' [-Wimplicit-function-declaration]
   70 |   __HAL_RCC_SYSCFG_CLK_ENABLE();
      |   ^~~~~~~~~~~~~~~~~~~~~~~~~~~
../Core/Src/gpio.c:52:21: error: 'GPIOC' undeclared (first use in this function)
   52 |   HAL_GPIO_WritePin(GPIOC, LD4_Pin|LD3_Pin, GPIO_PIN_RESET);
      |                     ^~~~~
../Core/Src/usart.c: At top level:
../Core/Src/gpio.c:52:28: error: 'LD4_Pin' undeclared (first use in this function)
   52 |   HAL_GPIO_WritePin(GPIOC, LD4_Pin|LD3_Pin, GPIO_PIN_RESET);
      |                            ^~~~~~~
../Core/Src/usart.c:61:23: error: unknown type name 'UART_HandleTypeDef'
   61 | void HAL_UART_MspInit(UART_HandleTypeDef* uartHandle)
      |                       ^~~~~~~~~~~~~~~~~~
../Core/Src/gpio.c:52:36: error: 'LD3_Pin' undeclared (first use in this function)
   52 |   HAL_GPIO_WritePin(GPIOC, LD4_Pin|LD3_Pin, GPIO_PIN_RESET);
      |                                    ^~~~~~~
../Core/Src/usart.c:94:25: error: unknown type name 'UART_HandleTypeDef'
   94 | void HAL_UART_MspDeInit(UART_HandleTypeDef* uartHandle)
      |                         ^~~~~~~~~~~~~~~~~~
../Core/Src/stm32f0xx_hal_msp.c:71:3: warning: implicit declaration of function '__HAL_RCC_PWR_CLK_ENABLE' [-Wimplicit-function-declaration]
   71 |   __HAL_RCC_PWR_CLK_ENABLE();
      |   ^~~~~~~~~~~~~~~~~~~~~~~~
../Core/Src/gpio.c:52:45: error: 'GPIO_PIN_RESET' undeclared (first use in this function)
   52 |   HAL_GPIO_WritePin(GPIOC, LD4_Pin|LD3_Pin, GPIO_PIN_RESET);
      |                                             ^~~~~~~~~~~~~~
../Core/Src/gpio.c:55:18: error: request for member 'Pin' in something not a structure or union
   55 |   GPIO_InitStruct.Pin = B1_Pin;
      |                  ^
../Core/Src/gpio.c:55:25: error: 'B1_Pin' undeclared (first use in this function)
   55 |   GPIO_InitStruct.Pin = B1_Pin;
      |                         ^~~~~~
../Core/Src/gpio.c:56:18: error: request for member 'Mode' in something not a structure or union
   56 |   GPIO_InitStruct.Mode = GPIO_MODE_EVT_RISING;
      |                  ^
../Core/Src/gpio.c:56:26: error: 'GPIO_MODE_EVT_RISING' undeclared (first use in this function)
   56 |   GPIO_InitStruct.Mode = GPIO_MODE_EVT_RISING;
      |                          ^~~~~~~~~~~~~~~~~~~~
../Core/Src/gpio.c:57:18: error: request for member 'Pull' in something not a structure or union
   57 |   GPIO_InitStruct.Pull = GPIO_NOPULL;
      |                  ^
../Core/Src/gpio.c:57:26: error: 'GPIO_NOPULL' undeclared (first use in this function)
   57 |   GPIO_InitStruct.Pull = GPIO_NOPULL;
      |                          ^~~~~~~~~~~
../Core/Src/gpio.c:58:3: warning: implicit declaration of function 'HAL_GPIO_Init'; did you mean 'MX_GPIO_Init'? [-Wimplicit-function-declaration]
   58 |   HAL_GPIO_Init(B1_GPIO_Port, &GPIO_InitStruct);
      |   ^~~~~~~~~~~~~
      |   MX_GPIO_Init
../Core/Src/gpio.c:58:17: error: 'B1_GPIO_Port' undeclared (first use in this function)
   58 |   HAL_GPIO_Init(B1_GPIO_Port, &GPIO_InitStruct);
      |                 ^~~~~~~~~~~~
../Core/Src/gpio.c:61:18: error: request for member 'Pin' in something not a structure or union
   61 |   GPIO_InitStruct.Pin = LD4_Pin|LD3_Pin;
      |                  ^
../Core/Src/gpio.c:62:18: error: request for member 'Mode' in something not a structure or union
   62 |   GPIO_InitStruct.Mode = GPIO_MODE_OUTPUT_PP;
      |                  ^
../Core/Src/gpio.c:62:26: error: 'GPIO_MODE_OUTPUT_PP' undeclared (first use in this function)
   62 |   GPIO_InitStruct.Mode = GPIO_MODE_OUTPUT_PP;
      |                          ^~~~~~~~~~~~~~~~~~~
../Core/Src/gpio.c:63:18: error: request for member 'Pull' in something not a structure or union
   63 |   GPIO_InitStruct.Pull = GPIO_NOPULL;
      |                  ^
../Core/Src/gpio.c:64:18: error: request for member 'Speed' in something not a structure or union
   64 |   GPIO_InitStruct.Speed = GPIO_SPEED_FREQ_LOW;
      |                  ^
../Core/Src/gpio.c:64:27: error: 'GPIO_SPEED_FREQ_LOW' undeclared (first use in this function)
   64 |   GPIO_InitStruct.Speed = GPIO_SPEED_FREQ_LOW;
      |                           ^~~~~~~~~~~~~~~~~~~
make: *** [Core/Src/subdir.mk:40: Core/Src/stm32f0xx_hal_msp.o] Error 1
make: *** [Core/Src/subdir.mk:40: Core/Src/gpio.o] Error 1
make: *** [Core/Src/subdir.mk:40: Core/Src/usart.o] Error 1
"make -j8 all" terminated with exit code 2. Build might be incomplete.
14:21:42 **** Incremental Build of configuration Debug for project SUDOKU ****
make -j8 all 
arm-none-eabi-gcc "../Core/Src/gpio.c" -mcpu=cortex-m0 -std=gnu11 -g3 -DDEBUG -DUSE_HAL_DRIVER -DSTM32F051x8 -c -I../Core/Inc -I../Drivers/STM32F0xx_HAL_Driver/Inc -I../Drivers/STM32F0xx_HAL_Driver/Inc/Legacy -I../Drivers/CMSIS/Device/ST/STM32F0xx/Include -I../Drivers/CMSIS/Include -O0 -ffunction-sections -fdata-sections -Wall -fstack-usage -fcyclomatic-complexity -MMD -MP -MF"Core/Src/gpio.d" -MT"Core/Src/gpio.o" --specs=nano.specs -mfloat-abi=soft -mthumb -o "Core/Src/gpio.o"
arm-none-eabi-gcc "../Core/Src/main.c" -mcpu=cortex-m0 -std=gnu11 -g3 -DDEBUG -DUSE_HAL_DRIVER -DSTM32F051x8 -c -I../Core/Inc -I../Drivers/STM32F0xx_HAL_Driver/Inc -I../Drivers/STM32F0xx_HAL_Driver/Inc/Legacy -I../Drivers/CMSIS/Device/ST/STM32F0xx/Include -I../Drivers/CMSIS/Include -O0 -ffunction-sections -fdata-sections -Wall -fstack-usage -fcyclomatic-complexity -MMD -MP -MF"Core/Src/main.d" -MT"Core/Src/main.o" --specs=nano.specs -mfloat-abi=soft -mthumb -o "Core/Src/main.o"
arm-none-eabi-gcc "../Core/Src/stm32f0xx_hal_msp.c" -mcpu=cortex-m0 -std=gnu11 -g3 -DDEBUG -DUSE_HAL_DRIVER -DSTM32F051x8 -c -I../Core/Inc -I../Drivers/STM32F0xx_HAL_Driver/Inc -I../Drivers/STM32F0xx_HAL_Driver/Inc/Legacy -I../Drivers/CMSIS/Device/ST/STM32F0xx/Include -I../Drivers/CMSIS/Include -O0 -ffunction-sections -fdata-sections -Wall -fstack-usage -fcyclomatic-complexity -MMD -MP -MF"Core/Src/stm32f0xx_hal_msp.d" -MT"Core/Src/stm32f0xx_hal_msp.o" --specs=nano.specs -mfloat-abi=soft -mthumb -o "Core/Src/stm32f0xx_hal_msp.o"
arm-none-eabi-gcc "../Core/Src/stm32f0xx_it.c" -mcpu=cortex-m0 -std=gnu11 -g3 -DDEBUG -DUSE_HAL_DRIVER -DSTM32F051x8 -c -I../Core/Inc -I../Drivers/STM32F0xx_HAL_Driver/Inc -I../Drivers/STM32F0xx_HAL_Driver/Inc/Legacy -I../Drivers/CMSIS/Device/ST/STM32F0xx/Include -I../Drivers/CMSIS/Include -O0 -ffunction-sections -fdata-sections -Wall -fstack-usage -fcyclomatic-complexity -MMD -MP -MF"Core/Src/stm32f0xx_it.d" -MT"Core/Src/stm32f0xx_it.o" --specs=nano.specs -mfloat-abi=soft -mthumb -o "Core/Src/stm32f0xx_it.o"
arm-none-eabi-gcc "../Core/Src/usart.c" -mcpu=cortex-m0 -std=gnu11 -g3 -DDEBUG -DUSE_HAL_DRIVER -DSTM32F051x8 -c -I../Core/Inc -I../Drivers/STM32F0xx_HAL_Driver/Inc -I../Drivers/STM32F0xx_HAL_Driver/Inc/Legacy -I../Drivers/CMSIS/Device/ST/STM32F0xx/Include -I../Drivers/CMSIS/Include -O0 -ffunction-sections -fdata-sections -Wall -fstack-usage -fcyclomatic-complexity -MMD -MP -MF"Core/Src/usart.d" -MT"Core/Src/usart.o" --specs=nano.specs -mfloat-abi=soft -mthumb -o "Core/Src/usart.o"
arm-none-eabi-gcc -o "SUDOKU.elf" @"objects.list"   -mcpu=cortex-m0 -T"E:\Work\ZViT\game_boy\STM\SUDOKU\STM32F051R8TX_FLASH.ld" --specs=nosys.specs -Wl,-Map="SUDOKU.map" -Wl,--gc-sections -static --specs=nano.specs -mfloat-abi=soft -mthumb -Wl,--start-group -lc -lm -Wl,--end-group
Finished building target: SUDOKU.elf
 
arm-none-eabi-size  SUDOKU.elf 
arm-none-eabi-objdump -h -S SUDOKU.elf  > "SUDOKU.list"
   text	   data	    bss	    dec	    hex	filename
   9128	     12	   1708	  10848	   2a60	SUDOKU.elf
Finished building: default.size.stdout
 
Finished building: SUDOKU.list
 
14:23:28 **** Incremental Build of configuration Debug for project SUDOKU ****
make -j8 all 
arm-none-eabi-size  SUDOKU.elf 
   text	   data	    bss	    dec	    hex	filename
   9128	     12	   1708	  10848	   2a60	SUDOKU.elf
Finished building: default.size.stdout
 
14:24:07 **** Incremental Build of configuration Debug for project SUDOKU ****
make -j8 all 
arm-none-eabi-size  SUDOKU.elf 
   text	   data	    bss	    dec	    hex	filename
   9128	     12	   1708	  10848	   2a60	SUDOKU.elf
Finished building: default.size.stdout
 
14:24:16 **** Incremental Build of configuration Debug for project SUDOKU ****
make -j8 all 
arm-none-eabi-size  SUDOKU.elf 
   text	   data	    bss	    dec	    hex	filename
   9128	     12	   1708	  10848	   2a60	SUDOKU.elf
Finished building: default.size.stdout
 
14:27:39 **** Incremental Build of configuration Debug for project SUDOKU ****
make -j8 all 
arm-none-eabi-size  SUDOKU.elf 
   text	   data	    bss	    dec	    hex	filename
   9128	     12	   1708	  10848	   2a60	SUDOKU.elf
Finished building: default.size.stdout
 
14:32:38 **** Incremental Build of configuration Debug for project SUDOKU ****
make -j8 all 
arm-none-eabi-gcc "../Core/Src/main.c" -mcpu=cortex-m0 -std=gnu11 -g3 -DDEBUG -DUSE_HAL_DRIVER -DSTM32F051x8 -c -I../Core/Inc -I../Drivers/STM32F0xx_HAL_Driver/Inc -I../Drivers/STM32F0xx_HAL_Driver/Inc/Legacy -I../Drivers/CMSIS/Device/ST/STM32F0xx/Include -I../Drivers/CMSIS/Include -O0 -ffunction-sections -fdata-sections -Wall -fstack-usage -fcyclomatic-complexity -MMD -MP -MF"Core/Src/main.d" -MT"Core/Src/main.o" --specs=nano.specs -mfloat-abi=soft -mthumb -o "Core/Src/main.o"
../Core/Src/main.c: In function 'main':
../Core/Src/main.c:78:1: error: expected declaration or statement at end of input
   78 | }
      | ^
../Core/Src/main.c: At top level:
../Core/Src/main.c:70:6: warning: 'Error_Handler' defined but not used [-Wunused-function]
   70 | void Error_Handler(void)
      |      ^~~~~~~~~~~~~
../Core/Src/main.c:38:6: warning: 'SystemClock_Config' defined but not used [-Wunused-function]
   38 | void SystemClock_Config(void)
      |      ^~~~~~~~~~~~~~~~~~
make: *** [Core/Src/subdir.mk:40: Core/Src/main.o] Error 1
"make -j8 all" terminated with exit code 2. Build might be incomplete.
14:34:44 **** Incremental Build of configuration Debug for project SUDOKU ****
make -j8 all 
arm-none-eabi-gcc "../Core/Src/main.c" -mcpu=cortex-m0 -std=gnu11 -g3 -DDEBUG -DUSE_HAL_DRIVER -DSTM32F051x8 -c -I../Core/Inc -I../Drivers/STM32F0xx_HAL_Driver/Inc -I../Drivers/STM32F0xx_HAL_Driver/Inc/Legacy -I../Drivers/CMSIS/Device/ST/STM32F0xx/Include -I../Drivers/CMSIS/Include -O0 -ffunction-sections -fdata-sections -Wall -fstack-usage -fcyclomatic-complexity -MMD -MP -MF"Core/Src/main.d" -MT"Core/Src/main.o" --specs=nano.specs -mfloat-abi=soft -mthumb -o "Core/Src/main.o"
../Core/Src/main.c: In function 'main':
../Core/Src/main.c:164:1: error: expected declaration or statement at end of input
  164 | }
      | ^
../Core/Src/main.c: At top level:
../Core/Src/main.c:155:6: warning: 'Error_Handler' defined but not used [-Wunused-function]
  155 | void Error_Handler(void)
      |      ^~~~~~~~~~~~~
../Core/Src/main.c:113:6: warning: 'SystemClock_Config' defined but not used [-Wunused-function]
  113 | void SystemClock_Config(void)
      |      ^~~~~~~~~~~~~~~~~~
make: *** [Core/Src/subdir.mk:40: Core/Src/main.o] Error 1
"make -j8 all" terminated with exit code 2. Build might be incomplete.
14:35:32 **** Incremental Build of configuration Debug for project SUDOKU ****
make -j8 all 
arm-none-eabi-gcc "../Core/Src/main.c" -mcpu=cortex-m0 -std=gnu11 -g3 -DDEBUG -DUSE_HAL_DRIVER -DSTM32F051x8 -c -I../Core/Inc -I../Drivers/STM32F0xx_HAL_Driver/Inc -I../Drivers/STM32F0xx_HAL_Driver/Inc/Legacy -I../Drivers/CMSIS/Device/ST/STM32F0xx/Include -I../Drivers/CMSIS/Include -O0 -ffunction-sections -fdata-sections -Wall -fstack-usage -fcyclomatic-complexity -MMD -MP -MF"Core/Src/main.d" -MT"Core/Src/main.o" --specs=nano.specs -mfloat-abi=soft -mthumb -o "Core/Src/main.o"
arm-none-eabi-gcc -o "SUDOKU.elf" @"objects.list"   -mcpu=cortex-m0 -T"E:\Work\ZViT\game_boy\STM\SUDOKU\STM32F051R8TX_FLASH.ld" --specs=nosys.specs -Wl,-Map="SUDOKU.map" -Wl,--gc-sections -static --specs=nano.specs -mfloat-abi=soft -mthumb -Wl,--start-group -lc -lm -Wl,--end-group
Finished building target: SUDOKU.elf
 
arm-none-eabi-size  SUDOKU.elf 
arm-none-eabi-objdump -h -S SUDOKU.elf  > "SUDOKU.list"
   text	   data	    bss	    dec	    hex	filename
   9128	     12	   1708	  10848	   2a60	SUDOKU.elf
Finished building: default.size.stdout
 
Finished building: SUDOKU.list
 
14:37:25 **** Incremental Build of configuration Debug for project SUDOKU ****
make -j8 all 
arm-none-eabi-gcc "../Core/Src/main.c" -mcpu=cortex-m0 -std=gnu11 -g3 -DDEBUG -DUSE_HAL_DRIVER -DSTM32F051x8 -c -I../Core/Inc -I../Drivers/STM32F0xx_HAL_Driver/Inc -I../Drivers/STM32F0xx_HAL_Driver/Inc/Legacy -I../Drivers/CMSIS/Device/ST/STM32F0xx/Include -I../Drivers/CMSIS/Include -O0 -ffunction-sections -fdata-sections -Wall -fstack-usage -fcyclomatic-complexity -MMD -MP -MF"Core/Src/main.d" -MT"Core/Src/main.o" --specs=nano.specs -mfloat-abi=soft -mthumb -o "Core/Src/main.o"
arm-none-eabi-gcc -o "SUDOKU.elf" @"objects.list"   -mcpu=cortex-m0 -T"E:\Work\ZViT\game_boy\STM\SUDOKU\STM32F051R8TX_FLASH.ld" --specs=nosys.specs -Wl,-Map="SUDOKU.map" -Wl,--gc-sections -static --specs=nano.specs -mfloat-abi=soft -mthumb -Wl,--start-group -lc -lm -Wl,--end-group
Finished building target: SUDOKU.elf
 
arm-none-eabi-size  SUDOKU.elf 
arm-none-eabi-objdump -h -S SUDOKU.elf  > "SUDOKU.list"
   text	   data	    bss	    dec	    hex	filename
   9296	     12	   1708	  11016	   2b08	SUDOKU.elf
Finished building: default.size.stdout
 
Finished building: SUDOKU.list
 
