14:37:25 **** Incremental Build of configuration Debug for project SUDOKU ****
make -j8 all 
arm-none-eabi-gcc "../Core/Src/main.c" -mcpu=cortex-m0 -std=gnu11 -g3 -DDEBUG -DUSE_HAL_DRIVER -DSTM32F051x8 -c -I../Core/Inc -I../Drivers/STM32F0xx_HAL_Driver/Inc -I../Drivers/STM32F0xx_HAL_Driver/Inc/Legacy -I../Drivers/CMSIS/Device/ST/STM32F0xx/Include -I../Drivers/CMSIS/Include -O0 -ffunction-sections -fdata-sections -Wall -fstack-usage -fcyclomatic-complexity -MMD -MP -MF"Core/Src/main.d" -MT"Core/Src/main.o" --specs=nano.specs -mfloat-abi=soft -mthumb -o "Core/Src/main.o"
arm-none-eabi-gcc -o "SUDOKU.elf" @"objects.list"   -mcpu=cortex-m0 -T"E:\Work\ZViT\game_boy\STM\SUDOKU\STM32F051R8TX_FLASH.ld" --specs=nosys.specs -Wl,-Map="SUDOKU.map" -Wl,--gc-sections -static --specs=nano.specs -mfloat-abi=soft -mthumb -Wl,--start-group -lc -lm -Wl,--end-group
Finished building target: SUDOKU.elf
 
arm-none-eabi-size  SUDOKU.elf 
arm-none-eabi-objdump -h -S SUDOKU.elf  > "SUDOKU.list"
   text	   data	    bss	    dec	    hex	filename
   9296	     12	   1708	  11016	   2b08	SUDOKU.elf
Finished building: default.size.stdout
 
Finished building: SUDOKU.list
 

14:37:25 Build Finished. 0 errors, 0 warnings. (took 702ms)

