../Core/Src/main.c:65:5:main	8	static
../Core/Src/main.c:82:6:HAL_UART_RxCpltCallback	48	static
../Core/Src/main.c:108:6:process_command	40	static
../Core/Src/main.c:208:6:swap_rows	24	static
../Core/Src/main.c:217:6:swap_cols	32	static
../Core/Src/main.c:225:6:generate_sudoku	48	static
../Core/Src/main.c:256:9:rulle_game	56	static
../Core/Src/main.c:281:9:c_zero	32	static
../Core/Src/main.c:289:6:send_response	64	static
../Core/Src/main.c:364:6:SystemClock_Config	80	static
../Core/Src/main.c:395:6:Error_Handler	8	static,ignoring_inline_asm
